Archive member included to satisfy reference by file (symbol)

/usr/lib/gcc/arm-none-eabi/9.2.1/thumb/v7e-m/nofp/libgcc.a(_aeabi_uldivmod.o)
                              CMakeFiles/demonstrateur_usb_recorder.elf.dir/Drivers/STM32F4xx_HAL_Driver/Src/stm32f4xx_hal_rcc.c.obj (__aeabi_uldivmod)
/usr/lib/gcc/arm-none-eabi/9.2.1/thumb/v7e-m/nofp/libgcc.a(_udivmoddi4.o)
                              /usr/lib/gcc/arm-none-eabi/9.2.1/thumb/v7e-m/nofp/libgcc.a(_aeabi_uldivmod.o) (__udivmoddi4)
/usr/lib/gcc/arm-none-eabi/9.2.1/thumb/v7e-m/nofp/libgcc.a(_dvmd_tls.o)
                              /usr/lib/gcc/arm-none-eabi/9.2.1/thumb/v7e-m/nofp/libgcc.a(_aeabi_uldivmod.o) (__aeabi_ldiv0)
/usr/lib/gcc/arm-none-eabi/9.2.1/../../../arm-none-eabi/lib/thumb/v7e-m/nofp/libg.a(lib_a-atexit.o)
                              /usr/lib/gcc/arm-none-eabi/9.2.1/../../../arm-none-eabi/lib/thumb/v7e-m/nofp/crt0.o (atexit)
/usr/lib/gcc/arm-none-eabi/9.2.1/../../../arm-none-eabi/lib/thumb/v7e-m/nofp/libg.a(lib_a-errno.o)
                              CMakeFiles/demonstrateur_usb_recorder.elf.dir/Core/Src/syscalls.c.obj (__errno)
/usr/lib/gcc/arm-none-eabi/9.2.1/../../../arm-none-eabi/lib/thumb/v7e-m/nofp/libg.a(lib_a-exit.o)
                              /usr/lib/gcc/arm-none-eabi/9.2.1/../../../arm-none-eabi/lib/thumb/v7e-m/nofp/crt0.o (exit)
/usr/lib/gcc/arm-none-eabi/9.2.1/../../../arm-none-eabi/lib/thumb/v7e-m/nofp/libg.a(lib_a-fini.o)
                              /usr/lib/gcc/arm-none-eabi/9.2.1/../../../arm-none-eabi/lib/thumb/v7e-m/nofp/crt0.o (__libc_fini_array)
/usr/lib/gcc/arm-none-eabi/9.2.1/../../../arm-none-eabi/lib/thumb/v7e-m/nofp/libg.a(lib_a-impure.o)
                              /usr/lib/gcc/arm-none-eabi/9.2.1/../../../arm-none-eabi/lib/thumb/v7e-m/nofp/libg.a(lib_a-exit.o) (_global_impure_ptr)
/usr/lib/gcc/arm-none-eabi/9.2.1/../../../arm-none-eabi/lib/thumb/v7e-m/nofp/libg.a(lib_a-init.o)
                              /usr/lib/gcc/arm-none-eabi/9.2.1/../../../arm-none-eabi/lib/thumb/v7e-m/nofp/crt0.o (__libc_init_array)
/usr/lib/gcc/arm-none-eabi/9.2.1/../../../arm-none-eabi/lib/thumb/v7e-m/nofp/libg.a(lib_a-malloc.o)
                              CMakeFiles/demonstrateur_usb_recorder.elf.dir/Middlewares/ST/STM32_USB_Host_Library/Class/MSC/Src/usbh_msc.c.obj (malloc)
/usr/lib/gcc/arm-none-eabi/9.2.1/../../../arm-none-eabi/lib/thumb/v7e-m/nofp/libg.a(lib_a-mallocr.o)
                              /usr/lib/gcc/arm-none-eabi/9.2.1/../../../arm-none-eabi/lib/thumb/v7e-m/nofp/libg.a(lib_a-malloc.o) (_malloc_r)
/usr/lib/gcc/arm-none-eabi/9.2.1/../../../arm-none-eabi/lib/thumb/v7e-m/nofp/libg.a(lib_a-memset.o)
                              /usr/lib/gcc/arm-none-eabi/9.2.1/../../../arm-none-eabi/lib/thumb/v7e-m/nofp/crt0.o (memset)
/usr/lib/gcc/arm-none-eabi/9.2.1/../../../arm-none-eabi/lib/thumb/v7e-m/nofp/libg.a(lib_a-mlock.o)
                              /usr/lib/gcc/arm-none-eabi/9.2.1/../../../arm-none-eabi/lib/thumb/v7e-m/nofp/libg.a(lib_a-mallocr.o) (__malloc_lock)
/usr/lib/gcc/arm-none-eabi/9.2.1/../../../arm-none-eabi/lib/thumb/v7e-m/nofp/libg.a(lib_a-sbrkr.o)
                              /usr/lib/gcc/arm-none-eabi/9.2.1/../../../arm-none-eabi/lib/thumb/v7e-m/nofp/libg.a(lib_a-mallocr.o) (_sbrk_r)
/usr/lib/gcc/arm-none-eabi/9.2.1/../../../arm-none-eabi/lib/thumb/v7e-m/nofp/libg.a(lib_a-strlen.o)
                              CMakeFiles/demonstrateur_usb_recorder.elf.dir/file_handling/file_handling.c.obj (strlen)
/usr/lib/gcc/arm-none-eabi/9.2.1/../../../arm-none-eabi/lib/thumb/v7e-m/nofp/libg.a(lib_a-__atexit.o)
                              /usr/lib/gcc/arm-none-eabi/9.2.1/../../../arm-none-eabi/lib/thumb/v7e-m/nofp/libg.a(lib_a-atexit.o) (__register_exitproc)
/usr/lib/gcc/arm-none-eabi/9.2.1/../../../arm-none-eabi/lib/thumb/v7e-m/nofp/libg.a(lib_a-__call_atexit.o)
                              /usr/lib/gcc/arm-none-eabi/9.2.1/../../../arm-none-eabi/lib/thumb/v7e-m/nofp/libg.a(lib_a-exit.o) (__call_exitprocs)
/usr/lib/gcc/arm-none-eabi/9.2.1/../../../arm-none-eabi/lib/thumb/v7e-m/nofp/libg.a(lib_a-freer.o)
                              /usr/lib/gcc/arm-none-eabi/9.2.1/../../../arm-none-eabi/lib/thumb/v7e-m/nofp/libg.a(lib_a-malloc.o) (_free_r)
/usr/lib/gcc/arm-none-eabi/9.2.1/../../../arm-none-eabi/lib/thumb/v7e-m/nofp/libg.a(lib_a-reent.o)
                              /usr/lib/gcc/arm-none-eabi/9.2.1/../../../arm-none-eabi/lib/thumb/v7e-m/nofp/libg.a(lib_a-sbrkr.o) (errno)

Allocating common symbols
Common symbol       size              file

errno               0x4               /usr/lib/gcc/arm-none-eabi/9.2.1/../../../arm-none-eabi/lib/thumb/v7e-m/nofp/libg.a(lib_a-reent.o)

Discarded input sections

 .text          0x0000000000000000        0x0 /usr/lib/gcc/arm-none-eabi/9.2.1/thumb/v7e-m/nofp/crti.o
 .data          0x0000000000000000        0x0 /usr/lib/gcc/arm-none-eabi/9.2.1/thumb/v7e-m/nofp/crti.o
 .bss           0x0000000000000000        0x0 /usr/lib/gcc/arm-none-eabi/9.2.1/thumb/v7e-m/nofp/crti.o
[...]
Memory Configuration

Name             Origin             Length             Attributes
CCMRAM           0x0000000010000000 0x0000000000010000 xrw
RAM              0x0000000020000000 0x0000000000030000 xrw
FLASH            0x0000000008000000 0x0000000000200000 xr
*default*        0x0000000000000000 0xffffffffffffffff

Linker script and memory map

LOAD /usr/lib/gcc/arm-none-eabi/9.2.1/thumb/v7e-m/nofp/crti.o
LOAD /usr/lib/gcc/arm-none-eabi/9.2.1/thumb/v7e-m/nofp/crtbegin.o
LOAD /usr/lib/gcc/arm-none-eabi/9.2.1/../../../arm-none-eabi/lib/thumb/v7e-m/nofp/crt0.o
LOAD CMakeFiles/demonstrateur_usb_recorder.elf.dir/Core/Src/main.c.obj
LOAD CMakeFiles/demonstrateur_usb_recorder.elf.dir/Core/Src/stm32f4xx_hal_msp.c.obj
LOAD CMakeFiles/demonstrateur_usb_recorder.elf.dir/Core/Src/stm32f4xx_hal_timebase_tim.c.obj
LOAD CMakeFiles/demonstrateur_usb_recorder.elf.dir/Core/Src/stm32f4xx_it.c.obj
LOAD CMakeFiles/demonstrateur_usb_recorder.elf.dir/Core/Src/syscalls.c.obj
LOAD CMakeFiles/demonstrateur_usb_recorder.elf.dir/Core/Src/sysmem.c.obj
LOAD CMakeFiles/demonstrateur_usb_recorder.elf.dir/Core/Src/system_stm32f4xx.c.obj
LOAD CMakeFiles/demonstrateur_usb_recorder.elf.dir/Core/Startup/startup_stm32f429zitx.s.obj
LOAD CMakeFiles/demonstrateur_usb_recorder.elf.dir/Drivers/STM32F4xx_HAL_Driver/Src/stm32f4xx_hal.c.obj
LOAD CMakeFiles/demonstrateur_usb_recorder.elf.dir/Drivers/STM32F4xx_HAL_Driver/Src/stm32f4xx_hal_cortex.c.obj
LOAD CMakeFiles/demonstrateur_usb_recorder.elf.dir/Drivers/STM32F4xx_HAL_Driver/Src/stm32f4xx_hal_dma.c.obj
LOAD CMakeFiles/demonstrateur_usb_recorder.elf.dir/Drivers/STM32F4xx_HAL_Driver/Src/stm32f4xx_hal_dma_ex.c.obj
LOAD CMakeFiles/demonstrateur_usb_recorder.elf.dir/Drivers/STM32F4xx_HAL_Driver/Src/stm32f4xx_hal_exti.c.obj
LOAD CMakeFiles/demonstrateur_usb_recorder.elf.dir/Drivers/STM32F4xx_HAL_Driver/Src/stm32f4xx_hal_flash.c.obj
LOAD CMakeFiles/demonstrateur_usb_recorder.elf.dir/Drivers/STM32F4xx_HAL_Driver/Src/stm32f4xx_hal_flash_ex.c.obj
LOAD CMakeFiles/demonstrateur_usb_recorder.elf.dir/Drivers/STM32F4xx_HAL_Driver/Src/stm32f4xx_hal_flash_ramfunc.c.obj
LOAD CMakeFiles/demonstrateur_usb_recorder.elf.dir/Drivers/STM32F4xx_HAL_Driver/Src/stm32f4xx_hal_gpio.c.obj
LOAD CMakeFiles/demonstrateur_usb_recorder.elf.dir/Drivers/STM32F4xx_HAL_Driver/Src/stm32f4xx_hal_hcd.c.obj
LOAD CMakeFiles/demonstrateur_usb_recorder.elf.dir/Drivers/STM32F4xx_HAL_Driver/Src/stm32f4xx_hal_pwr.c.obj
LOAD CMakeFiles/demonstrateur_usb_recorder.elf.dir/Drivers/STM32F4xx_HAL_Driver/Src/stm32f4xx_hal_pwr_ex.c.obj
LOAD CMakeFiles/demonstrateur_usb_recorder.elf.dir/Drivers/STM32F4xx_HAL_Driver/Src/stm32f4xx_hal_rcc.c.obj
LOAD CMakeFiles/demonstrateur_usb_recorder.elf.dir/Drivers/STM32F4xx_HAL_Driver/Src/stm32f4xx_hal_rcc_ex.c.obj
LOAD CMakeFiles/demonstrateur_usb_recorder.elf.dir/Drivers/STM32F4xx_HAL_Driver/Src/stm32f4xx_hal_sai.c.obj
LOAD CMakeFiles/demonstrateur_usb_recorder.elf.dir/Drivers/STM32F4xx_HAL_Driver/Src/stm32f4xx_hal_sai_ex.c.obj
LOAD CMakeFiles/demonstrateur_usb_recorder.elf.dir/Drivers/STM32F4xx_HAL_Driver/Src/stm32f4xx_hal_tim.c.obj
LOAD CMakeFiles/demonstrateur_usb_recorder.elf.dir/Drivers/STM32F4xx_HAL_Driver/Src/stm32f4xx_hal_tim_ex.c.obj
LOAD CMakeFiles/demonstrateur_usb_recorder.elf.dir/Drivers/STM32F4xx_HAL_Driver/Src/stm32f4xx_hal_uart.c.obj
LOAD CMakeFiles/demonstrateur_usb_recorder.elf.dir/Drivers/STM32F4xx_HAL_Driver/Src/stm32f4xx_ll_usb.c.obj
LOAD CMakeFiles/demonstrateur_usb_recorder.elf.dir/FATFS/App/fatfs.c.obj
LOAD CMakeFiles/demonstrateur_usb_recorder.elf.dir/FATFS/Target/usbh_diskio.c.obj
LOAD CMakeFiles/demonstrateur_usb_recorder.elf.dir/Middlewares/ST/STM32_USB_Host_Library/Class/MSC/Src/usbh_msc.c.obj
LOAD CMakeFiles/demonstrateur_usb_recorder.elf.dir/Middlewares/ST/STM32_USB_Host_Library/Class/MSC/Src/usbh_msc_bot.c.obj
LOAD CMakeFiles/demonstrateur_usb_recorder.elf.dir/Middlewares/ST/STM32_USB_Host_Library/Class/MSC/Src/usbh_msc_scsi.c.obj
LOAD CMakeFiles/demonstrateur_usb_recorder.elf.dir/Middlewares/ST/STM32_USB_Host_Library/Core/Src/usbh_core.c.obj
LOAD CMakeFiles/demonstrateur_usb_recorder.elf.dir/Middlewares/ST/STM32_USB_Host_Library/Core/Src/usbh_ctlreq.c.obj
LOAD CMakeFiles/demonstrateur_usb_recorder.elf.dir/Middlewares/ST/STM32_USB_Host_Library/Core/Src/usbh_ioreq.c.obj
LOAD CMakeFiles/demonstrateur_usb_recorder.elf.dir/Middlewares/ST/STM32_USB_Host_Library/Core/Src/usbh_pipes.c.obj
LOAD CMakeFiles/demonstrateur_usb_recorder.elf.dir/Middlewares/Third_Party/FatFs/src/diskio.c.obj
LOAD CMakeFiles/demonstrateur_usb_recorder.elf.dir/Middlewares/Third_Party/FatFs/src/ff.c.obj
LOAD CMakeFiles/demonstrateur_usb_recorder.elf.dir/Middlewares/Third_Party/FatFs/src/ff_gen_drv.c.obj
LOAD CMakeFiles/demonstrateur_usb_recorder.elf.dir/Middlewares/Third_Party/FatFs/src/option/ccsbcs.c.obj
LOAD CMakeFiles/demonstrateur_usb_recorder.elf.dir/Middlewares/Third_Party/FatFs/src/option/syscall.c.obj
LOAD CMakeFiles/demonstrateur_usb_recorder.elf.dir/USB_HOST/App/usb_host.c.obj
LOAD CMakeFiles/demonstrateur_usb_recorder.elf.dir/USB_HOST/Target/usbh_conf.c.obj
LOAD CMakeFiles/demonstrateur_usb_recorder.elf.dir/USB_HOST/Target/usbh_platform.c.obj
LOAD CMakeFiles/demonstrateur_usb_recorder.elf.dir/file_handling/file_handling.c.obj
LOAD CMakeFiles/demonstrateur_usb_recorder.elf.dir/pdm_fir/pdm_fir.c.obj
START GROUP
LOAD /usr/lib/gcc/arm-none-eabi/9.2.1/thumb/v7e-m/nofp/libgcc.a
LOAD /usr/lib/gcc/arm-none-eabi/9.2.1/../../../arm-none-eabi/lib/thumb/v7e-m/nofp/libg.a
LOAD /usr/lib/gcc/arm-none-eabi/9.2.1/../../../arm-none-eabi/lib/thumb/v7e-m/nofp/libc.a
END GROUP
LOAD /usr/lib/gcc/arm-none-eabi/9.2.1/thumb/v7e-m/nofp/crtend.o
LOAD /usr/lib/gcc/arm-none-eabi/9.2.1/thumb/v7e-m/nofp/crtn.o
                0x0000000020030000                _estack = (ORIGIN (RAM) + LENGTH (RAM))
                0x0000000000000200                _Min_Heap_Size = 0x200
                0x0000000000000400                _Min_Stack_Size = 0x400

.isr_vector     0x0000000008000000      0x1ac
                0x0000000008000000                . = ALIGN (0x4)
 *(.isr_vector)
 .isr_vector    0x0000000008000000      0x1ac CMakeFiles/demonstrateur_usb_recorder.elf.dir/Core/Startup/startup_stm32f429zitx.s.obj
                0x0000000008000000                g_pfnVectors
                0x00000000080001ac                . = ALIGN (0x4)

.text           0x00000000080001ac     0x955c
                0x00000000080001ac                . = ALIGN (0x4)
 *(.text)
 .text          0x00000000080001ac       0x88 /usr/lib/gcc/arm-none-eabi/9.2.1/thumb/v7e-m/nofp/crtbegin.o
 .text          0x0000000008000234       0x30 /usr/lib/gcc/arm-none-eabi/9.2.1/thumb/v7e-m/nofp/libgcc.a(_aeabi_uldivmod.o)
                0x0000000008000234                __aeabi_uldivmod
 .text          0x0000000008000264      0x2c0 /usr/lib/gcc/arm-none-eabi/9.2.1/thumb/v7e-m/nofp/libgcc.a(_udivmoddi4.o)
                0x0000000008000264                __udivmoddi4
 .text          0x0000000008000524        0x4 /usr/lib/gcc/arm-none-eabi/9.2.1/thumb/v7e-m/nofp/libgcc.a(_dvmd_tls.o)
                0x0000000008000524                __aeabi_ldiv0
                0x0000000008000524                __aeabi_idiv0
 .text          0x0000000008000528        0xc /usr/lib/gcc/arm-none-eabi/9.2.1/../../../arm-none-eabi/lib/thumb/v7e-m/nofp/libg.a(lib_a-atexit.o)
                0x0000000008000528                atexit
 .text          0x0000000008000534        0xc /usr/lib/gcc/arm-none-eabi/9.2.1/../../../arm-none-eabi/lib/thumb/v7e-m/nofp/libg.a(lib_a-errno.o)
                0x0000000008000534                __errno
 .text          0x0000000008000540       0x34 /usr/lib/gcc/arm-none-eabi/9.2.1/../../../arm-none-eabi/lib/thumb/v7e-m/nofp/libg.a(lib_a-fini.o)
                0x0000000008000540                __libc_fini_array
 .text          0x0000000008000574       0x48 /usr/lib/gcc/arm-none-eabi/9.2.1/../../../arm-none-eabi/lib/thumb/v7e-m/nofp/libg.a(lib_a-init.o)
                0x0000000008000574                __libc_init_array
 .text          0x00000000080005bc       0x20 /usr/lib/gcc/arm-none-eabi/9.2.1/../../../arm-none-eabi/lib/thumb/v7e-m/nofp/libg.a(lib_a-malloc.o)
                0x00000000080005bc                malloc
                0x00000000080005cc                free
 .text          0x00000000080005dc      0x564 /usr/lib/gcc/arm-none-eabi/9.2.1/../../../arm-none-eabi/lib/thumb/v7e-m/nofp/libg.a(lib_a-mallocr.o)
                0x00000000080005dc                _malloc_r
 .text          0x0000000008000b40       0xa0 /usr/lib/gcc/arm-none-eabi/9.2.1/../../../arm-none-eabi/lib/thumb/v7e-m/nofp/libg.a(lib_a-memset.o)
                0x0000000008000b40                memset
 .text          0x0000000008000be0        0x8 /usr/lib/gcc/arm-none-eabi/9.2.1/../../../arm-none-eabi/lib/thumb/v7e-m/nofp/libg.a(lib_a-mlock.o)
                0x0000000008000be0                __malloc_lock
                0x0000000008000be4                __malloc_unlock
 .text          0x0000000008000be8       0x24 /usr/lib/gcc/arm-none-eabi/9.2.1/../../../arm-none-eabi/lib/thumb/v7e-m/nofp/libg.a(lib_a-sbrkr.o)
                0x0000000008000be8                _sbrk_r
 .text          0x0000000008000c0c       0x68 /usr/lib/gcc/arm-none-eabi/9.2.1/../../../arm-none-eabi/lib/thumb/v7e-m/nofp/libg.a(lib_a-__atexit.o)
                0x0000000008000c0c                __register_exitproc
 .text          0x0000000008000c74      0x294 /usr/lib/gcc/arm-none-eabi/9.2.1/../../../arm-none-eabi/lib/thumb/v7e-m/nofp/libg.a(lib_a-freer.o)
                0x0000000008000c74                _malloc_trim_r
                0x0000000008000d14                _free_r
 *(.text*)
 .text.MX_GPIO_Init
                0x0000000008000f08       0xf4 CMakeFiles/demonstrateur_usb_recorder.elf.dir/Core/Src/main.c.obj
 .text.MX_DMA_Init
                0x0000000008000ffc       0x34 CMakeFiles/demonstrateur_usb_recorder.elf.dir/Core/Src/main.c.obj
 .text.HAL_SAI_RxHalfCpltCallback
                0x0000000008001030       0x14 CMakeFiles/demonstrateur_usb_recorder.elf.dir/Core/Src/main.c.obj
                0x0000000008001030                HAL_SAI_RxHalfCpltCallback
 .text.HAL_SAI_RxCpltCallback
                0x0000000008001044       0x18 CMakeFiles/demonstrateur_usb_recorder.elf.dir/Core/Src/main.c.obj
                0x0000000008001044                HAL_SAI_RxCpltCallback
 .text.filter_pdm_chunk
                0x000000000800105c       0x64 CMakeFiles/demonstrateur_usb_recorder.elf.dir/Core/Src/main.c.obj
                0x000000000800105c                filter_pdm_chunk
 .text.HAL_TIM_PeriodElapsedCallback
                0x00000000080010c0       0x18 CMakeFiles/demonstrateur_usb_recorder.elf.dir/Core/Src/main.c.obj
                0x00000000080010c0                HAL_TIM_PeriodElapsedCallback
 .text.Error_Handler
                0x00000000080010d8        0x4 CMakeFiles/demonstrateur_usb_recorder.elf.dir/Core/Src/main.c.obj
                0x00000000080010d8                Error_Handler
 .text.MX_SAI1_Init
                0x00000000080010dc       0x5c CMakeFiles/demonstrateur_usb_recorder.elf.dir/Core/Src/main.c.obj
 .text.MX_USART1_UART_Init
                0x0000000008001138       0x34 CMakeFiles/demonstrateur_usb_recorder.elf.dir/Core/Src/main.c.obj
 .text.MX_TIM1_Init
                0x000000000800116c       0x68 CMakeFiles/demonstrateur_usb_recorder.elf.dir/Core/Src/main.c.obj
 .text.SystemClock_Config
                0x00000000080011d4       0xb8 CMakeFiles/demonstrateur_usb_recorder.elf.dir/Core/Src/main.c.obj
                0x00000000080011d4                SystemClock_Config
 .text.main     0x000000000800128c      0x190 CMakeFiles/demonstrateur_usb_recorder.elf.dir/Core/Src/main.c.obj
                0x000000000800128c                main
 .text.HAL_MspInit
                0x000000000800141c       0x38 CMakeFiles/demonstrateur_usb_recorder.elf.dir/Core/Src/stm32f4xx_hal_msp.c.obj
                0x000000000800141c                HAL_MspInit
 .text.HAL_TIM_Base_MspInit
                0x0000000008001454       0x30 CMakeFiles/demonstrateur_usb_recorder.elf.dir/Core/Src/stm32f4xx_hal_msp.c.obj
                0x0000000008001454                HAL_TIM_Base_MspInit
 .text.HAL_UART_MspInit
                0x0000000008001484       0x74 CMakeFiles/demonstrateur_usb_recorder.elf.dir/Core/Src/stm32f4xx_hal_msp.c.obj
                0x0000000008001484                HAL_UART_MspInit
 .text.HAL_SAI_MspInit
                0x00000000080014f8       0xd4 CMakeFiles/demonstrateur_usb_recorder.elf.dir/Core/Src/stm32f4xx_hal_msp.c.obj
                0x00000000080014f8                HAL_SAI_MspInit
 .text.HAL_InitTick
                0x00000000080015cc       0x7c CMakeFiles/demonstrateur_usb_recorder.elf.dir/Core/Src/stm32f4xx_hal_timebase_tim.c.obj
                0x00000000080015cc                HAL_InitTick
 .text.NMI_Handler
                0x0000000008001648        0x2 CMakeFiles/demonstrateur_usb_recorder.elf.dir/Core/Src/stm32f4xx_it.c.obj
                0x0000000008001648                NMI_Handler
 .text.HardFault_Handler
                0x000000000800164a        0x2 CMakeFiles/demonstrateur_usb_recorder.elf.dir/Core/Src/stm32f4xx_it.c.obj
                0x000000000800164a                HardFault_Handler
 .text.MemManage_Handler
                0x000000000800164c        0x2 CMakeFiles/demonstrateur_usb_recorder.elf.dir/Core/Src/stm32f4xx_it.c.obj
                0x000000000800164c                MemManage_Handler
 .text.BusFault_Handler
                0x000000000800164e        0x2 CMakeFiles/demonstrateur_usb_recorder.elf.dir/Core/Src/stm32f4xx_it.c.obj
                0x000000000800164e                BusFault_Handler
 .text.UsageFault_Handler
                0x0000000008001650        0x2 CMakeFiles/demonstrateur_usb_recorder.elf.dir/Core/Src/stm32f4xx_it.c.obj
                0x0000000008001650                UsageFault_Handler
 .text.SVC_Handler
                0x0000000008001652        0x2 CMakeFiles/demonstrateur_usb_recorder.elf.dir/Core/Src/stm32f4xx_it.c.obj
                0x0000000008001652                SVC_Handler
 .text.DebugMon_Handler
                0x0000000008001654        0x2 CMakeFiles/demonstrateur_usb_recorder.elf.dir/Core/Src/stm32f4xx_it.c.obj
                0x0000000008001654                DebugMon_Handler
 .text.PendSV_Handler
                0x0000000008001656        0x2 CMakeFiles/demonstrateur_usb_recorder.elf.dir/Core/Src/stm32f4xx_it.c.obj
                0x0000000008001656                PendSV_Handler
 .text.SysTick_Handler
                0x0000000008001658        0x2 CMakeFiles/demonstrateur_usb_recorder.elf.dir/Core/Src/stm32f4xx_it.c.obj
                0x0000000008001658                SysTick_Handler
 *fill*         0x000000000800165a        0x2 
 .text.TIM6_DAC_IRQHandler
                0x000000000800165c       0x10 CMakeFiles/demonstrateur_usb_recorder.elf.dir/Core/Src/stm32f4xx_it.c.obj
                0x000000000800165c                TIM6_DAC_IRQHandler
 .text.DMA2_Stream1_IRQHandler
                0x000000000800166c       0x10 CMakeFiles/demonstrateur_usb_recorder.elf.dir/Core/Src/stm32f4xx_it.c.obj
                0x000000000800166c                DMA2_Stream1_IRQHandler
 .text.OTG_HS_IRQHandler
                0x000000000800167c       0x10 CMakeFiles/demonstrateur_usb_recorder.elf.dir/Core/Src/stm32f4xx_it.c.obj
                0x000000000800167c                OTG_HS_IRQHandler
 .text._sbrk    0x000000000800168c       0x48 CMakeFiles/demonstrateur_usb_recorder.elf.dir/Core/Src/sysmem.c.obj
                0x000000000800168c                _sbrk
 .text.SystemInit
                0x00000000080016d4        0x2 CMakeFiles/demonstrateur_usb_recorder.elf.dir/Core/Src/system_stm32f4xx.c.obj
                0x00000000080016d4                SystemInit
 *fill*         0x00000000080016d6        0x2 
 .text.Reset_Handler
                0x00000000080016d8       0x50 CMakeFiles/demonstrateur_usb_recorder.elf.dir/Core/Startup/startup_stm32f429zitx.s.obj
                0x00000000080016d8                Reset_Handler
 .text.Default_Handler
                0x0000000008001728        0x2 CMakeFiles/demonstrateur_usb_recorder.elf.dir/Core/Startup/startup_stm32f429zitx.s.obj
                0x0000000008001728                RTC_Alarm_IRQHandler
                0x0000000008001728                HASH_RNG_IRQHandler
                0x0000000008001728                EXTI2_IRQHandler
                0x0000000008001728                TIM8_CC_IRQHandler
                0x0000000008001728                UART8_IRQHandler
                0x0000000008001728                SPI4_IRQHandler
                0x0000000008001728                TIM1_CC_IRQHandler
                0x0000000008001728                DMA2_Stream5_IRQHandler
                0x0000000008001728                DMA1_Stream5_IRQHandler
                0x0000000008001728                PVD_IRQHandler
                0x0000000008001728                SDIO_IRQHandler
                0x0000000008001728                TAMP_STAMP_IRQHandler
                0x0000000008001728                CAN2_RX1_IRQHandler
                0x0000000008001728                EXTI3_IRQHandler
                0x0000000008001728                TIM8_TRG_COM_TIM14_IRQHandler
                0x0000000008001728                TIM1_UP_TIM10_IRQHandler
                0x0000000008001728                TIM8_UP_TIM13_IRQHandler
                0x0000000008001728                I2C3_ER_IRQHandler
                0x0000000008001728                EXTI0_IRQHandler
                0x0000000008001728                I2C2_EV_IRQHandler
                0x0000000008001728                DMA1_Stream2_IRQHandler
                0x0000000008001728                CAN1_RX0_IRQHandler
                0x0000000008001728                FPU_IRQHandler
                0x0000000008001728                OTG_HS_WKUP_IRQHandler
                0x0000000008001728                LTDC_ER_IRQHandler
                0x0000000008001728                CAN2_SCE_IRQHandler
                0x0000000008001728                DMA2_Stream2_IRQHandler
                0x0000000008001728                SPI1_IRQHandler
                0x0000000008001728                TIM1_BRK_TIM9_IRQHandler
                0x0000000008001728                DCMI_IRQHandler
                0x0000000008001728                CAN2_RX0_IRQHandler
                0x0000000008001728                DMA2_Stream3_IRQHandler
                0x0000000008001728                USART6_IRQHandler
                0x0000000008001728                USART3_IRQHandler
                0x0000000008001728                CAN1_RX1_IRQHandler
                0x0000000008001728                UART5_IRQHandler
                0x0000000008001728                DMA2_Stream0_IRQHandler
                0x0000000008001728                TIM4_IRQHandler
                0x0000000008001728                I2C1_EV_IRQHandler
                0x0000000008001728                DMA1_Stream6_IRQHandler
                0x0000000008001728                DMA1_Stream1_IRQHandler
                0x0000000008001728                UART4_IRQHandler
                0x0000000008001728                TIM3_IRQHandler
                0x0000000008001728                RCC_IRQHandler
                0x0000000008001728                TIM8_BRK_TIM12_IRQHandler
                0x0000000008001728                Default_Handler
                0x0000000008001728                EXTI15_10_IRQHandler
                0x0000000008001728                ADC_IRQHandler
                0x0000000008001728                DMA1_Stream7_IRQHandler
                0x0000000008001728                SPI5_IRQHandler
                0x0000000008001728                TIM7_IRQHandler
                0x0000000008001728                CAN2_TX_IRQHandler
                0x0000000008001728                TIM5_IRQHandler
                0x0000000008001728                DMA2_Stream7_IRQHandler
                0x0000000008001728                I2C3_EV_IRQHandler
                0x0000000008001728                EXTI9_5_IRQHandler
                0x0000000008001728                RTC_WKUP_IRQHandler
                0x0000000008001728                LTDC_IRQHandler
                0x0000000008001728                ETH_WKUP_IRQHandler
                0x0000000008001728                SPI2_IRQHandler
                0x0000000008001728                OTG_HS_EP1_IN_IRQHandler
                0x0000000008001728                DMA1_Stream0_IRQHandler
                0x0000000008001728                CAN1_TX_IRQHandler
                0x0000000008001728                EXTI4_IRQHandler
                0x0000000008001728                ETH_IRQHandler
                0x0000000008001728                OTG_HS_EP1_OUT_IRQHandler
                0x0000000008001728                WWDG_IRQHandler
                0x0000000008001728                SPI6_IRQHandler
                0x0000000008001728                TIM2_IRQHandler
                0x0000000008001728                OTG_FS_WKUP_IRQHandler
                0x0000000008001728                TIM1_TRG_COM_TIM11_IRQHandler
                0x0000000008001728                DMA2D_IRQHandler
                0x0000000008001728                EXTI1_IRQHandler
                0x0000000008001728                UART7_IRQHandler
                0x0000000008001728                USART2_IRQHandler
                0x0000000008001728                I2C2_ER_IRQHandler
                0x0000000008001728                CAN1_SCE_IRQHandler
                0x0000000008001728                FLASH_IRQHandler
                0x0000000008001728                DMA2_Stream4_IRQHandler
                0x0000000008001728                USART1_IRQHandler
                0x0000000008001728                OTG_FS_IRQHandler
                0x0000000008001728                SPI3_IRQHandler
                0x0000000008001728                DMA1_Stream4_IRQHandler
                0x0000000008001728                I2C1_ER_IRQHandler
                0x0000000008001728                FMC_IRQHandler
                0x0000000008001728                DMA2_Stream6_IRQHandler
                0x0000000008001728                SAI1_IRQHandler
                0x0000000008001728                DMA1_Stream3_IRQHandler
 *fill*         0x000000000800172a        0x2 
 .text.HAL_Init
                0x000000000800172c       0x34 CMakeFiles/demonstrateur_usb_recorder.elf.dir/Drivers/STM32F4xx_HAL_Driver/Src/stm32f4xx_hal.c.obj
                0x000000000800172c                HAL_Init
 .text.HAL_IncTick
                0x0000000008001760       0x18 CMakeFiles/demonstrateur_usb_recorder.elf.dir/Drivers/STM32F4xx_HAL_Driver/Src/stm32f4xx_hal.c.obj
                0x0000000008001760                HAL_IncTick
 .text.HAL_GetTick
                0x0000000008001778        0xc CMakeFiles/demonstrateur_usb_recorder.elf.dir/Drivers/STM32F4xx_HAL_Driver/Src/stm32f4xx_hal.c.obj
                0x0000000008001778                HAL_GetTick
 .text.HAL_Delay
                0x0000000008001784       0x28 CMakeFiles/demonstrateur_usb_recorder.elf.dir/Drivers/STM32F4xx_HAL_Driver/Src/stm32f4xx_hal.c.obj
                0x0000000008001784                HAL_Delay
 .text.HAL_NVIC_SetPriorityGrouping
                0x00000000080017ac       0x24 CMakeFiles/demonstrateur_usb_recorder.elf.dir/Drivers/STM32F4xx_HAL_Driver/Src/stm32f4xx_hal_cortex.c.obj
                0x00000000080017ac                HAL_NVIC_SetPriorityGrouping
 .text.HAL_NVIC_SetPriority
                0x00000000080017d0       0x68 CMakeFiles/demonstrateur_usb_recorder.elf.dir/Drivers/STM32F4xx_HAL_Driver/Src/stm32f4xx_hal_cortex.c.obj
                0x00000000080017d0                HAL_NVIC_SetPriority
 .text.HAL_NVIC_EnableIRQ
                0x0000000008001838       0x1c CMakeFiles/demonstrateur_usb_recorder.elf.dir/Drivers/STM32F4xx_HAL_Driver/Src/stm32f4xx_hal_cortex.c.obj
                0x0000000008001838                HAL_NVIC_EnableIRQ
 .text.DMA_SetConfig
                0x0000000008001854       0x2c CMakeFiles/demonstrateur_usb_recorder.elf.dir/Drivers/STM32F4xx_HAL_Driver/Src/stm32f4xx_hal_dma.c.obj
 .text.DMA_CalcBaseAndBitshift
                0x0000000008001880       0x40 CMakeFiles/demonstrateur_usb_recorder.elf.dir/Drivers/STM32F4xx_HAL_Driver/Src/stm32f4xx_hal_dma.c.obj
 .text.DMA_CheckFifoParam
                0x00000000080018c0       0x8e CMakeFiles/demonstrateur_usb_recorder.elf.dir/Drivers/STM32F4xx_HAL_Driver/Src/stm32f4xx_hal_dma.c.obj
 *fill*         0x000000000800194e        0x2 
 .text.HAL_DMA_Init
                0x0000000008001950       0xcc CMakeFiles/demonstrateur_usb_recorder.elf.dir/Drivers/STM32F4xx_HAL_Driver/Src/stm32f4xx_hal_dma.c.obj
                0x0000000008001950                HAL_DMA_Init
 .text.HAL_DMA_Start_IT
                0x0000000008001a1c       0x6a CMakeFiles/demonstrateur_usb_recorder.elf.dir/Drivers/STM32F4xx_HAL_Driver/Src/stm32f4xx_hal_dma.c.obj
                0x0000000008001a1c                HAL_DMA_Start_IT
 *fill*         0x0000000008001a86        0x2 
 .text.HAL_DMA_IRQHandler
                0x0000000008001a88      0x1dc CMakeFiles/demonstrateur_usb_recorder.elf.dir/Drivers/STM32F4xx_HAL_Driver/Src/stm32f4xx_hal_dma.c.obj
                0x0000000008001a88                HAL_DMA_IRQHandler
 .text.HAL_GPIO_Init
                0x0000000008001c64      0x1f0 CMakeFiles/demonstrateur_usb_recorder.elf.dir/Drivers/STM32F4xx_HAL_Driver/Src/stm32f4xx_hal_gpio.c.obj
                0x0000000008001c64                HAL_GPIO_Init
 .text.HAL_GPIO_ReadPin
                0x0000000008001e54        0xe CMakeFiles/demonstrateur_usb_recorder.elf.dir/Drivers/STM32F4xx_HAL_Driver/Src/stm32f4xx_hal_gpio.c.obj
                0x0000000008001e54                HAL_GPIO_ReadPin
 .text.HAL_GPIO_WritePin
                0x0000000008001e62        0xc CMakeFiles/demonstrateur_usb_recorder.elf.dir/Drivers/STM32F4xx_HAL_Driver/Src/stm32f4xx_hal_gpio.c.obj
                0x0000000008001e62                HAL_GPIO_WritePin
 .text.HCD_RXQLVL_IRQHandler
                0x0000000008001e6e       0x9e CMakeFiles/demonstrateur_usb_recorder.elf.dir/Drivers/STM32F4xx_HAL_Driver/Src/stm32f4xx_hal_hcd.c.obj
 .text.HAL_HCD_HC_Init
                0x0000000008001f0c       0x8e CMakeFiles/demonstrateur_usb_recorder.elf.dir/Drivers/STM32F4xx_HAL_Driver/Src/stm32f4xx_hal_hcd.c.obj
                0x0000000008001f0c                HAL_HCD_HC_Init
 .text.HAL_HCD_HC_Halt
                0x0000000008001f9a       0x24 CMakeFiles/demonstrateur_usb_recorder.elf.dir/Drivers/STM32F4xx_HAL_Driver/Src/stm32f4xx_hal_hcd.c.obj
                0x0000000008001f9a                HAL_HCD_HC_Halt
 .text.HAL_HCD_Init
                0x0000000008001fbe       0x94 CMakeFiles/demonstrateur_usb_recorder.elf.dir/Drivers/STM32F4xx_HAL_Driver/Src/stm32f4xx_hal_hcd.c.obj
                0x0000000008001fbe                HAL_HCD_Init
 .text.HAL_HCD_HC_SubmitRequest
                0x0000000008002052      0x160 CMakeFiles/demonstrateur_usb_recorder.elf.dir/Drivers/STM32F4xx_HAL_Driver/Src/stm32f4xx_hal_hcd.c.obj
                0x0000000008002052                HAL_HCD_HC_SubmitRequest
 .text.HCD_Port_IRQHandler
                0x00000000080021b2       0xb0 CMakeFiles/demonstrateur_usb_recorder.elf.dir/Drivers/STM32F4xx_HAL_Driver/Src/stm32f4xx_hal_hcd.c.obj
 .text.HCD_HC_IN_IRQHandler
                0x0000000008002262      0x324 CMakeFiles/demonstrateur_usb_recorder.elf.dir/Drivers/STM32F4xx_HAL_Driver/Src/stm32f4xx_hal_hcd.c.obj
 .text.HCD_HC_OUT_IRQHandler
                0x0000000008002586      0x30a CMakeFiles/demonstrateur_usb_recorder.elf.dir/Drivers/STM32F4xx_HAL_Driver/Src/stm32f4xx_hal_hcd.c.obj
 .text.HAL_HCD_IRQHandler
                0x0000000008002890      0x156 CMakeFiles/demonstrateur_usb_recorder.elf.dir/Drivers/STM32F4xx_HAL_Driver/Src/stm32f4xx_hal_hcd.c.obj
                0x0000000008002890                HAL_HCD_IRQHandler
 .text.HAL_HCD_Start
                0x00000000080029e6       0x2a CMakeFiles/demonstrateur_usb_recorder.elf.dir/Drivers/STM32F4xx_HAL_Driver/Src/stm32f4xx_hal_hcd.c.obj
                0x00000000080029e6                HAL_HCD_Start
 .text.HAL_HCD_Stop
                0x0000000008002a10       0x24 CMakeFiles/demonstrateur_usb_recorder.elf.dir/Drivers/STM32F4xx_HAL_Driver/Src/stm32f4xx_hal_hcd.c.obj
                0x0000000008002a10                HAL_HCD_Stop
 .text.HAL_HCD_ResetPort
                0x0000000008002a34        0xa CMakeFiles/demonstrateur_usb_recorder.elf.dir/Drivers/STM32F4xx_HAL_Driver/Src/stm32f4xx_hal_hcd.c.obj
                0x0000000008002a34                HAL_HCD_ResetPort
 .text.HAL_HCD_HC_GetURBState
                0x0000000008002a3e        0xc CMakeFiles/demonstrateur_usb_recorder.elf.dir/Drivers/STM32F4xx_HAL_Driver/Src/stm32f4xx_hal_hcd.c.obj
                0x0000000008002a3e                HAL_HCD_HC_GetURBState
 .text.HAL_HCD_HC_GetXferCount
                0x0000000008002a4a        0xa CMakeFiles/demonstrateur_usb_recorder.elf.dir/Drivers/STM32F4xx_HAL_Driver/Src/stm32f4xx_hal_hcd.c.obj
                0x0000000008002a4a                HAL_HCD_HC_GetXferCount
 .text.HAL_HCD_GetCurrentFrame
                0x0000000008002a54        0xa CMakeFiles/demonstrateur_usb_recorder.elf.dir/Drivers/STM32F4xx_HAL_Driver/Src/stm32f4xx_hal_hcd.c.obj
                0x0000000008002a54                HAL_HCD_GetCurrentFrame
 .text.HAL_HCD_GetCurrentSpeed
                0x0000000008002a5e        0xa CMakeFiles/demonstrateur_usb_recorder.elf.dir/Drivers/STM32F4xx_HAL_Driver/Src/stm32f4xx_hal_hcd.c.obj
                0x0000000008002a5e                HAL_HCD_GetCurrentSpeed
 .text.HAL_RCC_OscConfig
                0x0000000008002a68      0x3f8 CMakeFiles/demonstrateur_usb_recorder.elf.dir/Drivers/STM32F4xx_HAL_Driver/Src/stm32f4xx_hal_rcc.c.obj
                0x0000000008002a68                HAL_RCC_OscConfig
 .text.HAL_RCC_GetSysClockFreq
                0x0000000008002e60       0xcc CMakeFiles/demonstrateur_usb_recorder.elf.dir/Drivers/STM32F4xx_HAL_Driver/Src/stm32f4xx_hal_rcc.c.obj
                0x0000000008002e60                HAL_RCC_GetSysClockFreq
 .text.HAL_RCC_ClockConfig
                0x0000000008002f2c      0x160 CMakeFiles/demonstrateur_usb_recorder.elf.dir/Drivers/STM32F4xx_HAL_Driver/Src/stm32f4xx_hal_rcc.c.obj
                0x0000000008002f2c                HAL_RCC_ClockConfig
 .text.HAL_RCC_GetHCLKFreq
                0x000000000800308c        0xc CMakeFiles/demonstrateur_usb_recorder.elf.dir/Drivers/STM32F4xx_HAL_Driver/Src/stm32f4xx_hal_rcc.c.obj
                0x000000000800308c                HAL_RCC_GetHCLKFreq
 .text.HAL_RCC_GetPCLK1Freq
                0x0000000008003098       0x20 CMakeFiles/demonstrateur_usb_recorder.elf.dir/Drivers/STM32F4xx_HAL_Driver/Src/stm32f4xx_hal_rcc.c.obj
                0x0000000008003098                HAL_RCC_GetPCLK1Freq
 .text.HAL_RCC_GetPCLK2Freq
                0x00000000080030b8       0x20 CMakeFiles/demonstrateur_usb_recorder.elf.dir/Drivers/STM32F4xx_HAL_Driver/Src/stm32f4xx_hal_rcc.c.obj
                0x00000000080030b8                HAL_RCC_GetPCLK2Freq
 .text.HAL_RCC_GetClockConfig
                0x00000000080030d8       0x3c CMakeFiles/demonstrateur_usb_recorder.elf.dir/Drivers/STM32F4xx_HAL_Driver/Src/stm32f4xx_hal_rcc.c.obj
                0x00000000080030d8                HAL_RCC_GetClockConfig
 .text.HAL_RCCEx_PeriphCLKConfig
                0x0000000008003114      0x288 CMakeFiles/demonstrateur_usb_recorder.elf.dir/Drivers/STM32F4xx_HAL_Driver/Src/stm32f4xx_hal_rcc_ex.c.obj
                0x0000000008003114                HAL_RCCEx_PeriphCLKConfig
 .text.SAI_InterruptFlag
                0x000000000800339c       0x34 CMakeFiles/demonstrateur_usb_recorder.elf.dir/Drivers/STM32F4xx_HAL_Driver/Src/stm32f4xx_hal_sai.c.obj
 .text.SAI_Disable
                0x00000000080033d0       0x44 CMakeFiles/demonstrateur_usb_recorder.elf.dir/Drivers/STM32F4xx_HAL_Driver/Src/stm32f4xx_hal_sai.c.obj
 .text.HAL_SAI_Init
                0x0000000008003414      0x188 CMakeFiles/demonstrateur_usb_recorder.elf.dir/Drivers/STM32F4xx_HAL_Driver/Src/stm32f4xx_hal_sai.c.obj
                0x0000000008003414                HAL_SAI_Init
 .text.HAL_SAI_Receive_DMA
                0x000000000800359c       0xc4 CMakeFiles/demonstrateur_usb_recorder.elf.dir/Drivers/STM32F4xx_HAL_Driver/Src/stm32f4xx_hal_sai.c.obj
                0x000000000800359c                HAL_SAI_Receive_DMA
 .text.SAI_DMARxCplt
                0x0000000008003660       0x3a CMakeFiles/demonstrateur_usb_recorder.elf.dir/Drivers/STM32F4xx_HAL_Driver/Src/stm32f4xx_hal_sai.c.obj
 .text.SAI_DMARxHalfCplt
                0x000000000800369a        0xa CMakeFiles/demonstrateur_usb_recorder.elf.dir/Drivers/STM32F4xx_HAL_Driver/Src/stm32f4xx_hal_sai.c.obj
 .text.HAL_SAI_ErrorCallback
                0x00000000080036a4        0x2 CMakeFiles/demonstrateur_usb_recorder.elf.dir/Drivers/STM32F4xx_HAL_Driver/Src/stm32f4xx_hal_sai.c.obj
                0x00000000080036a4                HAL_SAI_ErrorCallback
 .text.SAI_DMAError
                0x00000000080036a6       0x46 CMakeFiles/demonstrateur_usb_recorder.elf.dir/Drivers/STM32F4xx_HAL_Driver/Src/stm32f4xx_hal_sai.c.obj
 .text.SAI_BlockSynchroConfig
                0x00000000080036ec       0x20 CMakeFiles/demonstrateur_usb_recorder.elf.dir/Drivers/STM32F4xx_HAL_Driver/Src/stm32f4xx_hal_sai_ex.c.obj
                0x00000000080036ec                SAI_BlockSynchroConfig
 .text.SAI_GetInputClock
                0x000000000800370c       0xd8 CMakeFiles/demonstrateur_usb_recorder.elf.dir/Drivers/STM32F4xx_HAL_Driver/Src/stm32f4xx_hal_sai_ex.c.obj
                0x000000000800370c                SAI_GetInputClock
 .text.TIM_TI1_ConfigInputStage
                0x00000000080037e4       0x24 CMakeFiles/demonstrateur_usb_recorder.elf.dir/Drivers/STM32F4xx_HAL_Driver/Src/stm32f4xx_hal_tim.c.obj
 .text.TIM_TI2_ConfigInputStage
                0x0000000008003808       0x26 CMakeFiles/demonstrateur_usb_recorder.elf.dir/Drivers/STM32F4xx_HAL_Driver/Src/stm32f4xx_hal_tim.c.obj
 .text.TIM_ITRx_SetConfig
                0x000000000800382e       0x10 CMakeFiles/demonstrateur_usb_recorder.elf.dir/Drivers/STM32F4xx_HAL_Driver/Src/stm32f4xx_hal_tim.c.obj
 *fill*         0x000000000800383e        0x2 
 .text.HAL_TIM_Base_Start_IT
                0x0000000008003840       0x88 CMakeFiles/demonstrateur_usb_recorder.elf.dir/Drivers/STM32F4xx_HAL_Driver/Src/stm32f4xx_hal_tim.c.obj
                0x0000000008003840                HAL_TIM_Base_Start_IT
 .text.HAL_TIM_OC_DelayElapsedCallback
                0x00000000080038c8        0x2 CMakeFiles/demonstrateur_usb_recorder.elf.dir/Drivers/STM32F4xx_HAL_Driver/Src/stm32f4xx_hal_tim.c.obj
                0x00000000080038c8                HAL_TIM_OC_DelayElapsedCallback
 .text.HAL_TIM_IC_CaptureCallback
                0x00000000080038ca        0x2 CMakeFiles/demonstrateur_usb_recorder.elf.dir/Drivers/STM32F4xx_HAL_Driver/Src/stm32f4xx_hal_tim.c.obj
                0x00000000080038ca                HAL_TIM_IC_CaptureCallback
 .text.HAL_TIM_PWM_PulseFinishedCallback
                0x00000000080038cc        0x2 CMakeFiles/demonstrateur_usb_recorder.elf.dir/Drivers/STM32F4xx_HAL_Driver/Src/stm32f4xx_hal_tim.c.obj
                0x00000000080038cc                HAL_TIM_PWM_PulseFinishedCallback
 .text.HAL_TIM_TriggerCallback
                0x00000000080038ce        0x2 CMakeFiles/demonstrateur_usb_recorder.elf.dir/Drivers/STM32F4xx_HAL_Driver/Src/stm32f4xx_hal_tim.c.obj
                0x00000000080038ce                HAL_TIM_TriggerCallback
 .text.HAL_TIM_IRQHandler
                0x00000000080038d0      0x17a CMakeFiles/demonstrateur_usb_recorder.elf.dir/Drivers/STM32F4xx_HAL_Driver/Src/stm32f4xx_hal_tim.c.obj
                0x00000000080038d0                HAL_TIM_IRQHandler
 *fill*         0x0000000008003a4a        0x2 
 .text.TIM_Base_SetConfig
                0x0000000008003a4c       0xc8 CMakeFiles/demonstrateur_usb_recorder.elf.dir/Drivers/STM32F4xx_HAL_Driver/Src/stm32f4xx_hal_tim.c.obj
                0x0000000008003a4c                TIM_Base_SetConfig
 .text.HAL_TIM_Base_Init
                0x0000000008003b14       0x58 CMakeFiles/demonstrateur_usb_recorder.elf.dir/Drivers/STM32F4xx_HAL_Driver/Src/stm32f4xx_hal_tim.c.obj
                0x0000000008003b14                HAL_TIM_Base_Init
 .text.TIM_ETR_SetConfig
                0x0000000008003b6c       0x16 CMakeFiles/demonstrateur_usb_recorder.elf.dir/Drivers/STM32F4xx_HAL_Driver/Src/stm32f4xx_hal_tim.c.obj
                0x0000000008003b6c                TIM_ETR_SetConfig
 .text.HAL_TIM_ConfigClockSource
                0x0000000008003b82       0xfe CMakeFiles/demonstrateur_usb_recorder.elf.dir/Drivers/STM32F4xx_HAL_Driver/Src/stm32f4xx_hal_tim.c.obj
                0x0000000008003b82                HAL_TIM_ConfigClockSource
 .text.HAL_TIMEx_MasterConfigSynchronization
                0x0000000008003c80       0x88 CMakeFiles/demonstrateur_usb_recorder.elf.dir/Drivers/STM32F4xx_HAL_Driver/Src/stm32f4xx_hal_tim_ex.c.obj
                0x0000000008003c80                HAL_TIMEx_MasterConfigSynchronization
 .text.HAL_TIMEx_CommutCallback
                0x0000000008003d08        0x2 CMakeFiles/demonstrateur_usb_recorder.elf.dir/Drivers/STM32F4xx_HAL_Driver/Src/stm32f4xx_hal_tim_ex.c.obj
                0x0000000008003d08                HAL_TIMEx_CommutCallback
 .text.HAL_TIMEx_BreakCallback
                0x0000000008003d0a        0x2 CMakeFiles/demonstrateur_usb_recorder.elf.dir/Drivers/STM32F4xx_HAL_Driver/Src/stm32f4xx_hal_tim_ex.c.obj
                0x0000000008003d0a                HAL_TIMEx_BreakCallback
 .text.UART_SetConfig
                0x0000000008003d0c      0x11c CMakeFiles/demonstrateur_usb_recorder.elf.dir/Drivers/STM32F4xx_HAL_Driver/Src/stm32f4xx_hal_uart.c.obj
 .text.HAL_UART_Init
                0x0000000008003e28       0x5e CMakeFiles/demonstrateur_usb_recorder.elf.dir/Drivers/STM32F4xx_HAL_Driver/Src/stm32f4xx_hal_uart.c.obj
                0x0000000008003e28                HAL_UART_Init
 *fill*         0x0000000008003e86        0x2 
 .text.USB_CoreReset
                0x0000000008003e88       0x4c CMakeFiles/demonstrateur_usb_recorder.elf.dir/Drivers/STM32F4xx_HAL_Driver/Src/stm32f4xx_ll_usb.c.obj
 .text.USB_CoreInit
                0x0000000008003ed4       0x8a CMakeFiles/demonstrateur_usb_recorder.elf.dir/Drivers/STM32F4xx_HAL_Driver/Src/stm32f4xx_ll_usb.c.obj
                0x0000000008003ed4                USB_CoreInit
 .text.USB_EnableGlobalInt
                0x0000000008003f5e        0xc CMakeFiles/demonstrateur_usb_recorder.elf.dir/Drivers/STM32F4xx_HAL_Driver/Src/stm32f4xx_ll_usb.c.obj
                0x0000000008003f5e                USB_EnableGlobalInt
 .text.USB_DisableGlobalInt
                0x0000000008003f6a        0xc CMakeFiles/demonstrateur_usb_recorder.elf.dir/Drivers/STM32F4xx_HAL_Driver/Src/stm32f4xx_ll_usb.c.obj
                0x0000000008003f6a                USB_DisableGlobalInt
 *fill*         0x0000000008003f76        0x2 
 .text.USB_FlushTxFifo
                0x0000000008003f78       0x30 CMakeFiles/demonstrateur_usb_recorder.elf.dir/Drivers/STM32F4xx_HAL_Driver/Src/stm32f4xx_ll_usb.c.obj
                0x0000000008003f78                USB_FlushTxFifo
 .text.USB_FlushRxFifo
                0x0000000008003fa8       0x2c CMakeFiles/demonstrateur_usb_recorder.elf.dir/Drivers/STM32F4xx_HAL_Driver/Src/stm32f4xx_ll_usb.c.obj
                0x0000000008003fa8                USB_FlushRxFifo
 .text.USB_WritePacket
                0x0000000008003fd4       0x28 CMakeFiles/demonstrateur_usb_recorder.elf.dir/Drivers/STM32F4xx_HAL_Driver/Src/stm32f4xx_ll_usb.c.obj
                0x0000000008003fd4                USB_WritePacket
 .text.USB_ReadPacket
                0x0000000008003ffc       0x4c CMakeFiles/demonstrateur_usb_recorder.elf.dir/Drivers/STM32F4xx_HAL_Driver/Src/stm32f4xx_ll_usb.c.obj
                0x0000000008003ffc                USB_ReadPacket
 .text.USB_ReadInterrupts
                0x0000000008004048        0x8 CMakeFiles/demonstrateur_usb_recorder.elf.dir/Drivers/STM32F4xx_HAL_Driver/Src/stm32f4xx_ll_usb.c.obj
                0x0000000008004048                USB_ReadInterrupts
 .text.USB_GetMode
                0x0000000008004050        0x8 CMakeFiles/demonstrateur_usb_recorder.elf.dir/Drivers/STM32F4xx_HAL_Driver/Src/stm32f4xx_ll_usb.c.obj
                0x0000000008004050                USB_GetMode
 .text.USB_SetCurrentMode
                0x0000000008004058       0x62 CMakeFiles/demonstrateur_usb_recorder.elf.dir/Drivers/STM32F4xx_HAL_Driver/Src/stm32f4xx_ll_usb.c.obj
                0x0000000008004058                USB_SetCurrentMode
 *fill*         0x00000000080040ba        0x2 
 .text.USB_HostInit
                0x00000000080040bc       0xf0 CMakeFiles/demonstrateur_usb_recorder.elf.dir/Drivers/STM32F4xx_HAL_Driver/Src/stm32f4xx_ll_usb.c.obj
                0x00000000080040bc                USB_HostInit
 .text.USB_InitFSLSPClkSel
                0x00000000080041ac       0x3e CMakeFiles/demonstrateur_usb_recorder.elf.dir/Drivers/STM32F4xx_HAL_Driver/Src/stm32f4xx_ll_usb.c.obj
                0x00000000080041ac                USB_InitFSLSPClkSel
 .text.USB_ResetPort
                0x00000000080041ea       0x3e CMakeFiles/demonstrateur_usb_recorder.elf.dir/Drivers/STM32F4xx_HAL_Driver/Src/stm32f4xx_ll_usb.c.obj
                0x00000000080041ea                USB_ResetPort
 .text.USB_DriveVbus
                0x0000000008004228       0x46 CMakeFiles/demonstrateur_usb_recorder.elf.dir/Drivers/STM32F4xx_HAL_Driver/Src/stm32f4xx_ll_usb.c.obj
                0x0000000008004228                USB_DriveVbus
 .text.USB_GetHostSpeed
                0x000000000800426e       0x16 CMakeFiles/demonstrateur_usb_recorder.elf.dir/Drivers/STM32F4xx_HAL_Driver/Src/stm32f4xx_ll_usb.c.obj
                0x000000000800426e                USB_GetHostSpeed
 .text.USB_GetCurrentFrame
                0x0000000008004284        0xa CMakeFiles/demonstrateur_usb_recorder.elf.dir/Drivers/STM32F4xx_HAL_Driver/Src/stm32f4xx_ll_usb.c.obj
                0x0000000008004284                USB_GetCurrentFrame
 .text.USB_HC_Init
                0x000000000800428e      0x11e CMakeFiles/demonstrateur_usb_recorder.elf.dir/Drivers/STM32F4xx_HAL_Driver/Src/stm32f4xx_ll_usb.c.obj
                0x000000000800428e                USB_HC_Init
 .text.USB_HC_ReadInterrupt
                0x00000000080043ac        0xa CMakeFiles/demonstrateur_usb_recorder.elf.dir/Drivers/STM32F4xx_HAL_Driver/Src/stm32f4xx_ll_usb.c.obj
                0x00000000080043ac                USB_HC_ReadInterrupt
 .text.USB_HC_Halt
                0x00000000080043b6       0xe4 CMakeFiles/demonstrateur_usb_recorder.elf.dir/Drivers/STM32F4xx_HAL_Driver/Src/stm32f4xx_ll_usb.c.obj
                0x00000000080043b6                USB_HC_Halt
 *fill*         0x000000000800449a        0x2 
 .text.USB_DoPing
                0x000000000800449c       0x24 CMakeFiles/demonstrateur_usb_recorder.elf.dir/Drivers/STM32F4xx_HAL_Driver/Src/stm32f4xx_ll_usb.c.obj
                0x000000000800449c                USB_DoPing
 .text.USB_HC_StartXfer
                0x00000000080044c0      0x154 CMakeFiles/demonstrateur_usb_recorder.elf.dir/Drivers/STM32F4xx_HAL_Driver/Src/stm32f4xx_ll_usb.c.obj
                0x00000000080044c0                USB_HC_StartXfer
 .text.USB_StopHost
                0x0000000008004614       0x7e CMakeFiles/demonstrateur_usb_recorder.elf.dir/Drivers/STM32F4xx_HAL_Driver/Src/stm32f4xx_ll_usb.c.obj
                0x0000000008004614                USB_StopHost
 *fill*         0x0000000008004692        0x2 
 .text.MX_FATFS_Init
                0x0000000008004694       0x1c CMakeFiles/demonstrateur_usb_recorder.elf.dir/FATFS/App/fatfs.c.obj
                0x0000000008004694                MX_FATFS_Init
 .text.get_fattime
                0x00000000080046b0        0x4 CMakeFiles/demonstrateur_usb_recorder.elf.dir/FATFS/App/fatfs.c.obj
                0x00000000080046b0                get_fattime
 .text.USBH_initialize
                0x00000000080046b4        0x4 CMakeFiles/demonstrateur_usb_recorder.elf.dir/FATFS/Target/usbh_diskio.c.obj
                0x00000000080046b4                USBH_initialize
 .text.USBH_status
                0x00000000080046b8       0x18 CMakeFiles/demonstrateur_usb_recorder.elf.dir/FATFS/Target/usbh_diskio.c.obj
                0x00000000080046b8                USBH_status
 .text.USBH_read
                0x00000000080046d0       0x48 CMakeFiles/demonstrateur_usb_recorder.elf.dir/FATFS/Target/usbh_diskio.c.obj
                0x00000000080046d0                USBH_read
 .text.USBH_ioctl
                0x0000000008004718       0x6c CMakeFiles/demonstrateur_usb_recorder.elf.dir/FATFS/Target/usbh_diskio.c.obj
                0x0000000008004718                USBH_ioctl
 .text.USBH_write
                0x0000000008004784       0x54 CMakeFiles/demonstrateur_usb_recorder.elf.dir/FATFS/Target/usbh_diskio.c.obj
                0x0000000008004784                USBH_write
 .text.USBH_MSC_SOFProcess
                0x00000000080047d8        0x4 CMakeFiles/demonstrateur_usb_recorder.elf.dir/Middlewares/ST/STM32_USB_Host_Library/Class/MSC/Src/usbh_msc.c.obj
 .text.USBH_MSC_Process
                0x00000000080047dc      0x2a4 CMakeFiles/demonstrateur_usb_recorder.elf.dir/Middlewares/ST/STM32_USB_Host_Library/Class/MSC/Src/usbh_msc.c.obj
 .text.USBH_MSC_ClassRequest
                0x0000000008004a80       0x70 CMakeFiles/demonstrateur_usb_recorder.elf.dir/Middlewares/ST/STM32_USB_Host_Library/Class/MSC/Src/usbh_msc.c.obj
 .text.USBH_MSC_InterfaceDeInit
                0x0000000008004af0       0x50 CMakeFiles/demonstrateur_usb_recorder.elf.dir/Middlewares/ST/STM32_USB_Host_Library/Class/MSC/Src/usbh_msc.c.obj
 .text.USBH_MSC_InterfaceInit
                0x0000000008004b40      0x138 CMakeFiles/demonstrateur_usb_recorder.elf.dir/Middlewares/ST/STM32_USB_Host_Library/Class/MSC/Src/usbh_msc.c.obj
 .text.USBH_MSC_RdWrProcess
                0x0000000008004c78       0xf6 CMakeFiles/demonstrateur_usb_recorder.elf.dir/Middlewares/ST/STM32_USB_Host_Library/Class/MSC/Src/usbh_msc.c.obj
 .text.USBH_MSC_UnitIsReady
                0x0000000008004d6e       0x26 CMakeFiles/demonstrateur_usb_recorder.elf.dir/Middlewares/ST/STM32_USB_Host_Library/Class/MSC/Src/usbh_msc.c.obj
                0x0000000008004d6e                USBH_MSC_UnitIsReady
 .text.USBH_MSC_GetLUNInfo
                0x0000000008004d94       0x44 CMakeFiles/demonstrateur_usb_recorder.elf.dir/Middlewares/ST/STM32_USB_Host_Library/Class/MSC/Src/usbh_msc.c.obj
                0x0000000008004d94                USBH_MSC_GetLUNInfo
 .text.USBH_MSC_Read
                0x0000000008004dd8       0x96 CMakeFiles/demonstrateur_usb_recorder.elf.dir/Middlewares/ST/STM32_USB_Host_Library/Class/MSC/Src/usbh_msc.c.obj
                0x0000000008004dd8                USBH_MSC_Read
 .text.USBH_MSC_Write
                0x0000000008004e6e       0x96 CMakeFiles/demonstrateur_usb_recorder.elf.dir/Middlewares/ST/STM32_USB_Host_Library/Class/MSC/Src/usbh_msc.c.obj
                0x0000000008004e6e                USBH_MSC_Write
 .text.USBH_MSC_DecodeCSW
                0x0000000008004f04       0x48 CMakeFiles/demonstrateur_usb_recorder.elf.dir/Middlewares/ST/STM32_USB_Host_Library/Class/MSC/Src/usbh_msc_bot.c.obj
 .text.USBH_MSC_BOT_Abort
                0x0000000008004f4c       0x22 CMakeFiles/demonstrateur_usb_recorder.elf.dir/Middlewares/ST/STM32_USB_Host_Library/Class/MSC/Src/usbh_msc_bot.c.obj
 .text.USBH_MSC_BOT_REQ_Reset
                0x0000000008004f6e       0x1a CMakeFiles/demonstrateur_usb_recorder.elf.dir/Middlewares/ST/STM32_USB_Host_Library/Class/MSC/Src/usbh_msc_bot.c.obj
                0x0000000008004f6e                USBH_MSC_BOT_REQ_Reset
 .text.USBH_MSC_BOT_REQ_GetMaxLUN
                0x0000000008004f88       0x1a CMakeFiles/demonstrateur_usb_recorder.elf.dir/Middlewares/ST/STM32_USB_Host_Library/Class/MSC/Src/usbh_msc_bot.c.obj
                0x0000000008004f88                USBH_MSC_BOT_REQ_GetMaxLUN
 *fill*         0x0000000008004fa2        0x2 
 .text.USBH_MSC_BOT_Init
                0x0000000008004fa4       0x24 CMakeFiles/demonstrateur_usb_recorder.elf.dir/Middlewares/ST/STM32_USB_Host_Library/Class/MSC/Src/usbh_msc_bot.c.obj
                0x0000000008004fa4                USBH_MSC_BOT_Init
 .text.USBH_MSC_BOT_Process
                0x0000000008004fc8      0x256 CMakeFiles/demonstrateur_usb_recorder.elf.dir/Middlewares/ST/STM32_USB_Host_Library/Class/MSC/Src/usbh_msc_bot.c.obj
                0x0000000008004fc8                USBH_MSC_BOT_Process
 .text.USBH_MSC_SCSI_TestUnitReady
                0x000000000800521e       0x52 CMakeFiles/demonstrateur_usb_recorder.elf.dir/Middlewares/ST/STM32_USB_Host_Library/Class/MSC/Src/usbh_msc_scsi.c.obj
                0x000000000800521e                USBH_MSC_SCSI_TestUnitReady
 .text.USBH_MSC_SCSI_ReadCapacity
                0x0000000008005270       0x8e CMakeFiles/demonstrateur_usb_recorder.elf.dir/Middlewares/ST/STM32_USB_Host_Library/Class/MSC/Src/usbh_msc_scsi.c.obj
                0x0000000008005270                USBH_MSC_SCSI_ReadCapacity
 .text.USBH_MSC_SCSI_Inquiry
                0x00000000080052fe       0xd8 CMakeFiles/demonstrateur_usb_recorder.elf.dir/Middlewares/ST/STM32_USB_Host_Library/Class/MSC/Src/usbh_msc_scsi.c.obj
                0x00000000080052fe                USBH_MSC_SCSI_Inquiry
 .text.USBH_MSC_SCSI_RequestSense
                0x00000000080053d6       0x94 CMakeFiles/demonstrateur_usb_recorder.elf.dir/Middlewares/ST/STM32_USB_Host_Library/Class/MSC/Src/usbh_msc_scsi.c.obj
                0x00000000080053d6                USBH_MSC_SCSI_RequestSense
 .text.USBH_MSC_SCSI_Write
                0x000000000800546a       0x8e CMakeFiles/demonstrateur_usb_recorder.elf.dir/Middlewares/ST/STM32_USB_Host_Library/Class/MSC/Src/usbh_msc_scsi.c.obj
                0x000000000800546a                USBH_MSC_SCSI_Write
 .text.USBH_MSC_SCSI_Read
                0x00000000080054f8       0x8c CMakeFiles/demonstrateur_usb_recorder.elf.dir/Middlewares/ST/STM32_USB_Host_Library/Class/MSC/Src/usbh_msc_scsi.c.obj
                0x00000000080054f8                USBH_MSC_SCSI_Read
 .text.DeInitStateMachine
                0x0000000008005584       0x58 CMakeFiles/demonstrateur_usb_recorder.elf.dir/Middlewares/ST/STM32_USB_Host_Library/Core/Src/usbh_core.c.obj
 .text.USBH_HandleSof
                0x00000000080055dc       0x1a CMakeFiles/demonstrateur_usb_recorder.elf.dir/Middlewares/ST/STM32_USB_Host_Library/Core/Src/usbh_core.c.obj
 .text.USBH_HandleEnum
                0x00000000080055f6      0x26e CMakeFiles/demonstrateur_usb_recorder.elf.dir/Middlewares/ST/STM32_USB_Host_Library/Core/Src/usbh_core.c.obj
 .text.USBH_Init
                0x0000000008005864       0x3e CMakeFiles/demonstrateur_usb_recorder.elf.dir/Middlewares/ST/STM32_USB_Host_Library/Core/Src/usbh_core.c.obj
                0x0000000008005864                USBH_Init
 .text.USBH_RegisterClass
                0x00000000080058a2       0x22 CMakeFiles/demonstrateur_usb_recorder.elf.dir/Middlewares/ST/STM32_USB_Host_Library/Core/Src/usbh_core.c.obj
                0x00000000080058a2                USBH_RegisterClass
 .text.USBH_SelectInterface
                0x00000000080058c4       0x14 CMakeFiles/demonstrateur_usb_recorder.elf.dir/Middlewares/ST/STM32_USB_Host_Library/Core/Src/usbh_core.c.obj
                0x00000000080058c4                USBH_SelectInterface
 .text.USBH_FindInterface
                0x00000000080058d8       0x50 CMakeFiles/demonstrateur_usb_recorder.elf.dir/Middlewares/ST/STM32_USB_Host_Library/Core/Src/usbh_core.c.obj
                0x00000000080058d8                USBH_FindInterface
 .text.USBH_Start
                0x0000000008005928       0x14 CMakeFiles/demonstrateur_usb_recorder.elf.dir/Middlewares/ST/STM32_USB_Host_Library/Core/Src/usbh_core.c.obj
                0x0000000008005928                USBH_Start
 .text.USBH_Process
                0x000000000800593c      0x280 CMakeFiles/demonstrateur_usb_recorder.elf.dir/Middlewares/ST/STM32_USB_Host_Library/Core/Src/usbh_core.c.obj
                0x000000000800593c                USBH_Process
 .text.USBH_LL_SetTimer
                0x0000000008005bbc        0x6 CMakeFiles/demonstrateur_usb_recorder.elf.dir/Middlewares/ST/STM32_USB_Host_Library/Core/Src/usbh_core.c.obj
                0x0000000008005bbc                USBH_LL_SetTimer
 .text.USBH_LL_IncTimer
                0x0000000008005bc2       0x12 CMakeFiles/demonstrateur_usb_recorder.elf.dir/Middlewares/ST/STM32_USB_Host_Library/Core/Src/usbh_core.c.obj
                0x0000000008005bc2                USBH_LL_IncTimer
 .text.USBH_LL_PortEnabled
                0x0000000008005bd4        0x8 CMakeFiles/demonstrateur_usb_recorder.elf.dir/Middlewares/ST/STM32_USB_Host_Library/Core/Src/usbh_core.c.obj
                0x0000000008005bd4                USBH_LL_PortEnabled
 .text.USBH_LL_PortDisabled
                0x0000000008005bdc        0x8 CMakeFiles/demonstrateur_usb_recorder.elf.dir/Middlewares/ST/STM32_USB_Host_Library/Core/Src/usbh_core.c.obj
                0x0000000008005bdc                USBH_LL_PortDisabled
 .text.USBH_LL_Connect
                0x0000000008005be4       0x14 CMakeFiles/demonstrateur_usb_recorder.elf.dir/Middlewares/ST/STM32_USB_Host_Library/Core/Src/usbh_core.c.obj
                0x0000000008005be4                USBH_LL_Connect
 .text.USBH_LL_Disconnect
                0x0000000008005bf8       0x2c CMakeFiles/demonstrateur_usb_recorder.elf.dir/Middlewares/ST/STM32_USB_Host_Library/Core/Src/usbh_core.c.obj
                0x0000000008005bf8                USBH_LL_Disconnect
 .text.USBH_ParseDevDesc
                0x0000000008005c24       0x5a CMakeFiles/demonstrateur_usb_recorder.elf.dir/Middlewares/ST/STM32_USB_Host_Library/Core/Src/usbh_ctlreq.c.obj
 .text.USBH_ParseInterfaceDesc
                0x0000000008005c7e       0x26 CMakeFiles/demonstrateur_usb_recorder.elf.dir/Middlewares/ST/STM32_USB_Host_Library/Core/Src/usbh_ctlreq.c.obj
 .text.USBH_ParseEPDesc
                0x0000000008005ca4       0x20 CMakeFiles/demonstrateur_usb_recorder.elf.dir/Middlewares/ST/STM32_USB_Host_Library/Core/Src/usbh_ctlreq.c.obj
 .text.USBH_ParseStringDesc
                0x0000000008005cc4       0x3a CMakeFiles/demonstrateur_usb_recorder.elf.dir/Middlewares/ST/STM32_USB_Host_Library/Core/Src/usbh_ctlreq.c.obj
 .text.USBH_HandleControl
                0x0000000008005cfe      0x1d8 CMakeFiles/demonstrateur_usb_recorder.elf.dir/Middlewares/ST/STM32_USB_Host_Library/Core/Src/usbh_ctlreq.c.obj
 .text.USBH_GetNextDesc
                0x0000000008005ed6        0xe CMakeFiles/demonstrateur_usb_recorder.elf.dir/Middlewares/ST/STM32_USB_Host_Library/Core/Src/usbh_ctlreq.c.obj
                0x0000000008005ed6                USBH_GetNextDesc
 .text.USBH_ParseCfgDesc
                0x0000000008005ee4       0xc2 CMakeFiles/demonstrateur_usb_recorder.elf.dir/Middlewares/ST/STM32_USB_Host_Library/Core/Src/usbh_ctlreq.c.obj
 .text.USBH_CtlReq
                0x0000000008005fa6       0x40 CMakeFiles/demonstrateur_usb_recorder.elf.dir/Middlewares/ST/STM32_USB_Host_Library/Core/Src/usbh_ctlreq.c.obj
                0x0000000008005fa6                USBH_CtlReq
 .text.USBH_GetDescriptor
                0x0000000008005fe6       0x3e CMakeFiles/demonstrateur_usb_recorder.elf.dir/Middlewares/ST/STM32_USB_Host_Library/Core/Src/usbh_ctlreq.c.obj
                0x0000000008005fe6                USBH_GetDescriptor
 .text.USBH_Get_DevDesc
                0x0000000008006024       0x32 CMakeFiles/demonstrateur_usb_recorder.elf.dir/Middlewares/ST/STM32_USB_Host_Library/Core/Src/usbh_ctlreq.c.obj
                0x0000000008006024                USBH_Get_DevDesc
 .text.USBH_Get_CfgDesc
                0x0000000008006056       0x32 CMakeFiles/demonstrateur_usb_recorder.elf.dir/Middlewares/ST/STM32_USB_Host_Library/Core/Src/usbh_ctlreq.c.obj
                0x0000000008006056                USBH_Get_CfgDesc
 .text.USBH_Get_StringDesc
                0x0000000008006088       0x30 CMakeFiles/demonstrateur_usb_recorder.elf.dir/Middlewares/ST/STM32_USB_Host_Library/Core/Src/usbh_ctlreq.c.obj
                0x0000000008006088                USBH_Get_StringDesc
 .text.USBH_SetAddress
                0x00000000080060b8       0x22 CMakeFiles/demonstrateur_usb_recorder.elf.dir/Middlewares/ST/STM32_USB_Host_Library/Core/Src/usbh_ctlreq.c.obj
                0x00000000080060b8                USBH_SetAddress
 .text.USBH_SetCfg
                0x00000000080060da       0x22 CMakeFiles/demonstrateur_usb_recorder.elf.dir/Middlewares/ST/STM32_USB_Host_Library/Core/Src/usbh_ctlreq.c.obj
                0x00000000080060da                USBH_SetCfg
 .text.USBH_SetFeature
                0x00000000080060fc       0x22 CMakeFiles/demonstrateur_usb_recorder.elf.dir/Middlewares/ST/STM32_USB_Host_Library/Core/Src/usbh_ctlreq.c.obj
                0x00000000080060fc                USBH_SetFeature
 .text.USBH_ClrFeature
                0x000000000800611e       0x24 CMakeFiles/demonstrateur_usb_recorder.elf.dir/Middlewares/ST/STM32_USB_Host_Library/Core/Src/usbh_ctlreq.c.obj
                0x000000000800611e                USBH_ClrFeature
 .text.USBH_CtlSendSetup
                0x0000000008006142       0x22 CMakeFiles/demonstrateur_usb_recorder.elf.dir/Middlewares/ST/STM32_USB_Host_Library/Core/Src/usbh_ioreq.c.obj
                0x0000000008006142                USBH_CtlSendSetup
 .text.USBH_CtlSendData
                0x0000000008006164       0x2c CMakeFiles/demonstrateur_usb_recorder.elf.dir/Middlewares/ST/STM32_USB_Host_Library/Core/Src/usbh_ioreq.c.obj
                0x0000000008006164                USBH_CtlSendData
 .text.USBH_CtlReceiveData
                0x0000000008006190       0x20 CMakeFiles/demonstrateur_usb_recorder.elf.dir/Middlewares/ST/STM32_USB_Host_Library/Core/Src/usbh_ioreq.c.obj
                0x0000000008006190                USBH_CtlReceiveData
 .text.USBH_BulkSendData
                0x00000000080061b0       0x2c CMakeFiles/demonstrateur_usb_recorder.elf.dir/Middlewares/ST/STM32_USB_Host_Library/Core/Src/usbh_ioreq.c.obj
                0x00000000080061b0                USBH_BulkSendData
 .text.USBH_BulkReceiveData
                0x00000000080061dc       0x20 CMakeFiles/demonstrateur_usb_recorder.elf.dir/Middlewares/ST/STM32_USB_Host_Library/Core/Src/usbh_ioreq.c.obj
                0x00000000080061dc                USBH_BulkReceiveData
 .text.USBH_GetFreePipe
                0x00000000080061fc       0x26 CMakeFiles/demonstrateur_usb_recorder.elf.dir/Middlewares/ST/STM32_USB_Host_Library/Core/Src/usbh_pipes.c.obj
 .text.USBH_OpenPipe
                0x0000000008006222       0x20 CMakeFiles/demonstrateur_usb_recorder.elf.dir/Middlewares/ST/STM32_USB_Host_Library/Core/Src/usbh_pipes.c.obj
                0x0000000008006222                USBH_OpenPipe
 .text.USBH_ClosePipe
                0x0000000008006242        0xa CMakeFiles/demonstrateur_usb_recorder.elf.dir/Middlewares/ST/STM32_USB_Host_Library/Core/Src/usbh_pipes.c.obj
                0x0000000008006242                USBH_ClosePipe
 .text.USBH_AllocPipe
                0x000000000800624c       0x26 CMakeFiles/demonstrateur_usb_recorder.elf.dir/Middlewares/ST/STM32_USB_Host_Library/Core/Src/usbh_pipes.c.obj
                0x000000000800624c                USBH_AllocPipe
 .text.USBH_FreePipe
                0x0000000008006272       0x16 CMakeFiles/demonstrateur_usb_recorder.elf.dir/Middlewares/ST/STM32_USB_Host_Library/Core/Src/usbh_pipes.c.obj
                0x0000000008006272                USBH_FreePipe
 .text.disk_status
                0x0000000008006288       0x18 CMakeFiles/demonstrateur_usb_recorder.elf.dir/Middlewares/Third_Party/FatFs/src/diskio.c.obj
                0x0000000008006288                disk_status
 .text.disk_initialize
                0x00000000080062a0       0x28 CMakeFiles/demonstrateur_usb_recorder.elf.dir/Middlewares/Third_Party/FatFs/src/diskio.c.obj
                0x00000000080062a0                disk_initialize
 .text.disk_read
                0x00000000080062c8       0x18 CMakeFiles/demonstrateur_usb_recorder.elf.dir/Middlewares/Third_Party/FatFs/src/diskio.c.obj
                0x00000000080062c8                disk_read
 .text.disk_write
                0x00000000080062e0       0x18 CMakeFiles/demonstrateur_usb_recorder.elf.dir/Middlewares/Third_Party/FatFs/src/diskio.c.obj
                0x00000000080062e0                disk_write
 .text.disk_ioctl
                0x00000000080062f8       0x18 CMakeFiles/demonstrateur_usb_recorder.elf.dir/Middlewares/Third_Party/FatFs/src/diskio.c.obj
                0x00000000080062f8                disk_ioctl
 .text.ld_word  0x0000000008006310        0xa CMakeFiles/demonstrateur_usb_recorder.elf.dir/Middlewares/Third_Party/FatFs/src/ff.c.obj
 .text.ld_dword
                0x000000000800631a       0x16 CMakeFiles/demonstrateur_usb_recorder.elf.dir/Middlewares/Third_Party/FatFs/src/ff.c.obj
 .text.ld_qword
                0x0000000008006330       0x4e CMakeFiles/demonstrateur_usb_recorder.elf.dir/Middlewares/Third_Party/FatFs/src/ff.c.obj
 .text.st_word  0x000000000800637e        0x8 CMakeFiles/demonstrateur_usb_recorder.elf.dir/Middlewares/Third_Party/FatFs/src/ff.c.obj
 .text.st_dword
                0x0000000008006386       0x14 CMakeFiles/demonstrateur_usb_recorder.elf.dir/Middlewares/Third_Party/FatFs/src/ff.c.obj
 .text.st_qword
                0x000000000800639a       0x26 CMakeFiles/demonstrateur_usb_recorder.elf.dir/Middlewares/Third_Party/FatFs/src/ff.c.obj
 .text.mem_cpy  0x00000000080063c0       0x16 CMakeFiles/demonstrateur_usb_recorder.elf.dir/Middlewares/Third_Party/FatFs/src/ff.c.obj
 .text.mem_set  0x00000000080063d6        0xa CMakeFiles/demonstrateur_usb_recorder.elf.dir/Middlewares/Third_Party/FatFs/src/ff.c.obj
 .text.mem_cmp  0x00000000080063e0       0x1a CMakeFiles/demonstrateur_usb_recorder.elf.dir/Middlewares/Third_Party/FatFs/src/ff.c.obj
 .text.chk_chr  0x00000000080063fa       0x10 CMakeFiles/demonstrateur_usb_recorder.elf.dir/Middlewares/Third_Party/FatFs/src/ff.c.obj
 *fill*         0x000000000800640a        0x2 
 .text.chk_lock
                0x000000000800640c       0x74 CMakeFiles/demonstrateur_usb_recorder.elf.dir/Middlewares/Third_Party/FatFs/src/ff.c.obj
 .text.enq_lock
                0x0000000008006480       0x20 CMakeFiles/demonstrateur_usb_recorder.elf.dir/Middlewares/Third_Party/FatFs/src/ff.c.obj
 .text.inc_lock
                0x00000000080064a0       0xa4 CMakeFiles/demonstrateur_usb_recorder.elf.dir/Middlewares/Third_Party/FatFs/src/ff.c.obj
 .text.dec_lock
                0x0000000008006544       0x40 CMakeFiles/demonstrateur_usb_recorder.elf.dir/Middlewares/Third_Party/FatFs/src/ff.c.obj
 .text.clear_lock
                0x0000000008006584       0x38 CMakeFiles/demonstrateur_usb_recorder.elf.dir/Middlewares/Third_Party/FatFs/src/ff.c.obj
 .text.clust2sect
                0x00000000080065bc       0x18 CMakeFiles/demonstrateur_usb_recorder.elf.dir/Middlewares/Third_Party/FatFs/src/ff.c.obj
 .text.clmt_clust
                0x00000000080065d4       0x36 CMakeFiles/demonstrateur_usb_recorder.elf.dir/Middlewares/Third_Party/FatFs/src/ff.c.obj
 .text.ld_clust
                0x000000000800660a       0x26 CMakeFiles/demonstrateur_usb_recorder.elf.dir/Middlewares/Third_Party/FatFs/src/ff.c.obj
 .text.st_clust
                0x0000000008006630       0x26 CMakeFiles/demonstrateur_usb_recorder.elf.dir/Middlewares/Third_Party/FatFs/src/ff.c.obj
 *fill*         0x0000000008006656        0x2 
 .text.pick_lfn
                0x0000000008006658       0x80 CMakeFiles/demonstrateur_usb_recorder.elf.dir/Middlewares/Third_Party/FatFs/src/ff.c.obj
 .text.put_lfn  0x00000000080066d8       0x78 CMakeFiles/demonstrateur_usb_recorder.elf.dir/Middlewares/Third_Party/FatFs/src/ff.c.obj
 .text.gen_numname
                0x0000000008006750       0xa6 CMakeFiles/demonstrateur_usb_recorder.elf.dir/Middlewares/Third_Party/FatFs/src/ff.c.obj
 .text.sum_sfn  0x00000000080067f6       0x20 CMakeFiles/demonstrateur_usb_recorder.elf.dir/Middlewares/Third_Party/FatFs/src/ff.c.obj
 .text.xdir_sum
                0x0000000008006816       0x30 CMakeFiles/demonstrateur_usb_recorder.elf.dir/Middlewares/Third_Party/FatFs/src/ff.c.obj
 .text.get_ldnumber
                0x0000000008006846       0x52 CMakeFiles/demonstrateur_usb_recorder.elf.dir/Middlewares/Third_Party/FatFs/src/ff.c.obj
 .text.validate
                0x0000000008006898       0x46 CMakeFiles/demonstrateur_usb_recorder.elf.dir/Middlewares/Third_Party/FatFs/src/ff.c.obj
 .text.sync_window
                0x00000000080068de       0x52 CMakeFiles/demonstrateur_usb_recorder.elf.dir/Middlewares/Third_Party/FatFs/src/ff.c.obj
 .text.move_window
                0x0000000008006930       0x36 CMakeFiles/demonstrateur_usb_recorder.elf.dir/Middlewares/Third_Party/FatFs/src/ff.c.obj
 *fill*         0x0000000008006966        0x2 
 .text.check_fs
                0x0000000008006968       0x8c CMakeFiles/demonstrateur_usb_recorder.elf.dir/Middlewares/Third_Party/FatFs/src/ff.c.obj
 .text.find_volume
                0x00000000080069f4      0x4d8 CMakeFiles/demonstrateur_usb_recorder.elf.dir/Middlewares/Third_Party/FatFs/src/ff.c.obj
 .text.find_bitmap
                0x0000000008006ecc       0x94 CMakeFiles/demonstrateur_usb_recorder.elf.dir/Middlewares/Third_Party/FatFs/src/ff.c.obj
 .text.change_bitmap
                0x0000000008006f60       0x7e CMakeFiles/demonstrateur_usb_recorder.elf.dir/Middlewares/Third_Party/FatFs/src/ff.c.obj
 .text.put_fat  0x0000000008006fde      0x160 CMakeFiles/demonstrateur_usb_recorder.elf.dir/Middlewares/Third_Party/FatFs/src/ff.c.obj
 .text.fill_last_frag
                0x000000000800713e       0x30 CMakeFiles/demonstrateur_usb_recorder.elf.dir/Middlewares/Third_Party/FatFs/src/ff.c.obj
 .text.fill_first_frag
                0x000000000800716e       0x32 CMakeFiles/demonstrateur_usb_recorder.elf.dir/Middlewares/Third_Party/FatFs/src/ff.c.obj
 .text.get_fat  0x00000000080071a0      0x1aa CMakeFiles/demonstrateur_usb_recorder.elf.dir/Middlewares/Third_Party/FatFs/src/ff.c.obj
 .text.dir_sdi  0x000000000800734a       0xd6 CMakeFiles/demonstrateur_usb_recorder.elf.dir/Middlewares/Third_Party/FatFs/src/ff.c.obj
 .text.create_chain
                0x0000000008007420      0x186 CMakeFiles/demonstrateur_usb_recorder.elf.dir/Middlewares/Third_Party/FatFs/src/ff.c.obj
 .text.remove_chain
                0x00000000080075a6       0xfe CMakeFiles/demonstrateur_usb_recorder.elf.dir/Middlewares/Third_Party/FatFs/src/ff.c.obj
 .text.dir_next
                0x00000000080076a4      0x132 CMakeFiles/demonstrateur_usb_recorder.elf.dir/Middlewares/Third_Party/FatFs/src/ff.c.obj
 *fill*         0x00000000080077d6        0x2 
 .text.load_xdir
                0x00000000080077d8       0xf0 CMakeFiles/demonstrateur_usb_recorder.elf.dir/Middlewares/Third_Party/FatFs/src/ff.c.obj
 .text.load_obj_dir
                0x00000000080078c8       0x32 CMakeFiles/demonstrateur_usb_recorder.elf.dir/Middlewares/Third_Party/FatFs/src/ff.c.obj
 .text.dir_read
                0x00000000080078fa       0xea CMakeFiles/demonstrateur_usb_recorder.elf.dir/Middlewares/Third_Party/FatFs/src/ff.c.obj
 .text.dir_alloc
                0x00000000080079e4       0x6c CMakeFiles/demonstrateur_usb_recorder.elf.dir/Middlewares/Third_Party/FatFs/src/ff.c.obj
 .text.store_xdir
                0x0000000008007a50       0x5e CMakeFiles/demonstrateur_usb_recorder.elf.dir/Middlewares/Third_Party/FatFs/src/ff.c.obj
 *fill*         0x0000000008007aae        0x2 
 .text.sync_fs  0x0000000008007ab0       0x88 CMakeFiles/demonstrateur_usb_recorder.elf.dir/Middlewares/Third_Party/FatFs/src/ff.c.obj
 .text.create_name
                0x0000000008007b38      0x22c CMakeFiles/demonstrateur_usb_recorder.elf.dir/Middlewares/Third_Party/FatFs/src/ff.c.obj
 .text.xname_sum
                0x0000000008007d64       0x36 CMakeFiles/demonstrateur_usb_recorder.elf.dir/Middlewares/Third_Party/FatFs/src/ff.c.obj
 .text.create_xdir
                0x0000000008007d9a       0x7e CMakeFiles/demonstrateur_usb_recorder.elf.dir/Middlewares/Third_Party/FatFs/src/ff.c.obj
 .text.cmp_lfn  0x0000000008007e18       0xa0 CMakeFiles/demonstrateur_usb_recorder.elf.dir/Middlewares/Third_Party/FatFs/src/ff.c.obj
 .text.dir_find
                0x0000000008007eb8      0x172 CMakeFiles/demonstrateur_usb_recorder.elf.dir/Middlewares/Third_Party/FatFs/src/ff.c.obj
 .text.follow_path
                0x000000000800802a       0xd4 CMakeFiles/demonstrateur_usb_recorder.elf.dir/Middlewares/Third_Party/FatFs/src/ff.c.obj
 *fill*         0x00000000080080fe        0x2 
 .text.dir_register
                0x0000000008008100      0x200 CMakeFiles/demonstrateur_usb_recorder.elf.dir/Middlewares/Third_Party/FatFs/src/ff.c.obj
 .text.f_mount  0x0000000008008300       0x5c CMakeFiles/demonstrateur_usb_recorder.elf.dir/Middlewares/Third_Party/FatFs/src/ff.c.obj
                0x0000000008008300                f_mount
 .text.f_open   0x000000000800835c      0x380 CMakeFiles/demonstrateur_usb_recorder.elf.dir/Middlewares/Third_Party/FatFs/src/ff.c.obj
                0x000000000800835c                f_open
 .text.f_read   0x00000000080086dc      0x20a CMakeFiles/demonstrateur_usb_recorder.elf.dir/Middlewares/Third_Party/FatFs/src/ff.c.obj
                0x00000000080086dc                f_read
 .text.f_write  0x00000000080088e6      0x25a CMakeFiles/demonstrateur_usb_recorder.elf.dir/Middlewares/Third_Party/FatFs/src/ff.c.obj
                0x00000000080088e6                f_write
 .text.f_sync   0x0000000008008b40      0x14c CMakeFiles/demonstrateur_usb_recorder.elf.dir/Middlewares/Third_Party/FatFs/src/ff.c.obj
                0x0000000008008b40                f_sync
 .text.f_close  0x0000000008008c8c       0x2a CMakeFiles/demonstrateur_usb_recorder.elf.dir/Middlewares/Third_Party/FatFs/src/ff.c.obj
                0x0000000008008c8c                f_close
 .text.f_lseek  0x0000000008008cb6      0x3fa CMakeFiles/demonstrateur_usb_recorder.elf.dir/Middlewares/Third_Party/FatFs/src/ff.c.obj
                0x0000000008008cb6                f_lseek
 .text.FATFS_LinkDriverEx
                0x00000000080090b0       0x48 CMakeFiles/demonstrateur_usb_recorder.elf.dir/Middlewares/Third_Party/FatFs/src/ff_gen_drv.c.obj
                0x00000000080090b0                FATFS_LinkDriverEx
 .text.FATFS_LinkDriver
                0x00000000080090f8        0xa CMakeFiles/demonstrateur_usb_recorder.elf.dir/Middlewares/Third_Party/FatFs/src/ff_gen_drv.c.obj
                0x00000000080090f8                FATFS_LinkDriver
 *fill*         0x0000000008009102        0x2 
 .text.ff_convert
                0x0000000008009104       0x3c CMakeFiles/demonstrateur_usb_recorder.elf.dir/Middlewares/Third_Party/FatFs/src/option/ccsbcs.c.obj
                0x0000000008009104                ff_convert
 .text.ff_wtoupper
                0x0000000008009140       0x9c CMakeFiles/demonstrateur_usb_recorder.elf.dir/Middlewares/Third_Party/FatFs/src/option/ccsbcs.c.obj
                0x0000000008009140                ff_wtoupper
 .text.USBH_UserProcess
                0x00000000080091dc       0x34 CMakeFiles/demonstrateur_usb_recorder.elf.dir/USB_HOST/App/usb_host.c.obj
 .text.MX_USB_HOST_Init
                0x0000000008009210       0x40 CMakeFiles/demonstrateur_usb_recorder.elf.dir/USB_HOST/App/usb_host.c.obj
                0x0000000008009210                MX_USB_HOST_Init
 .text.MX_USB_HOST_Process
                0x0000000008009250       0x10 CMakeFiles/demonstrateur_usb_recorder.elf.dir/USB_HOST/App/usb_host.c.obj
                0x0000000008009250                MX_USB_HOST_Process
 .text.HAL_HCD_MspInit
                0x0000000008009260       0x98 CMakeFiles/demonstrateur_usb_recorder.elf.dir/USB_HOST/Target/usbh_conf.c.obj
                0x0000000008009260                HAL_HCD_MspInit
 .text.HAL_HCD_SOF_Callback
                0x00000000080092f8        0xc CMakeFiles/demonstrateur_usb_recorder.elf.dir/USB_HOST/Target/usbh_conf.c.obj
                0x00000000080092f8                HAL_HCD_SOF_Callback
 .text.HAL_HCD_Connect_Callback
                0x0000000008009304        0xc CMakeFiles/demonstrateur_usb_recorder.elf.dir/USB_HOST/Target/usbh_conf.c.obj
                0x0000000008009304                HAL_HCD_Connect_Callback
 .text.HAL_HCD_Disconnect_Callback
                0x0000000008009310        0xc CMakeFiles/demonstrateur_usb_recorder.elf.dir/USB_HOST/Target/usbh_conf.c.obj
                0x0000000008009310                HAL_HCD_Disconnect_Callback
 .text.HAL_HCD_HC_NotifyURBChange_Callback
                0x000000000800931c        0x2 CMakeFiles/demonstrateur_usb_recorder.elf.dir/USB_HOST/Target/usbh_conf.c.obj
                0x000000000800931c                HAL_HCD_HC_NotifyURBChange_Callback
 .text.HAL_HCD_PortEnabled_Callback
                0x000000000800931e        0xc CMakeFiles/demonstrateur_usb_recorder.elf.dir/USB_HOST/Target/usbh_conf.c.obj
                0x000000000800931e                HAL_HCD_PortEnabled_Callback
 .text.HAL_HCD_PortDisabled_Callback
                0x000000000800932a        0xc CMakeFiles/demonstrateur_usb_recorder.elf.dir/USB_HOST/Target/usbh_conf.c.obj
                0x000000000800932a                HAL_HCD_PortDisabled_Callback
 *fill*         0x0000000008009336        0x2 
 .text.USBH_LL_Init
                0x0000000008009338       0x5c CMakeFiles/demonstrateur_usb_recorder.elf.dir/USB_HOST/Target/usbh_conf.c.obj
                0x0000000008009338                USBH_LL_Init
 .text.USBH_LL_GetSpeed
                0x0000000008009394       0x20 CMakeFiles/demonstrateur_usb_recorder.elf.dir/USB_HOST/Target/usbh_conf.c.obj
                0x0000000008009394                USBH_LL_GetSpeed
 .text.USBH_LL_GetLastXferSize
                0x00000000080093b4        0xc CMakeFiles/demonstrateur_usb_recorder.elf.dir/USB_HOST/Target/usbh_conf.c.obj
                0x00000000080093b4                USBH_LL_GetLastXferSize
 .text.USBH_LL_GetURBState
                0x00000000080093c0        0xc CMakeFiles/demonstrateur_usb_recorder.elf.dir/USB_HOST/Target/usbh_conf.c.obj
                0x00000000080093c0                USBH_LL_GetURBState
 .text.USBH_LL_DriverVBUS
                0x00000000080093cc       0x1a CMakeFiles/demonstrateur_usb_recorder.elf.dir/USB_HOST/Target/usbh_conf.c.obj
                0x00000000080093cc                USBH_LL_DriverVBUS
 .text.USBH_LL_SetToggle
                0x00000000080093e6       0x2a CMakeFiles/demonstrateur_usb_recorder.elf.dir/USB_HOST/Target/usbh_conf.c.obj
                0x00000000080093e6                USBH_LL_SetToggle
 .text.USBH_LL_GetToggle
                0x0000000008009410       0x28 CMakeFiles/demonstrateur_usb_recorder.elf.dir/USB_HOST/Target/usbh_conf.c.obj
                0x0000000008009410                USBH_LL_GetToggle
 .text.USBH_Delay
                0x0000000008009438        0x8 CMakeFiles/demonstrateur_usb_recorder.elf.dir/USB_HOST/Target/usbh_conf.c.obj
                0x0000000008009438                USBH_Delay
 .text.USBH_Get_USB_Status
                0x0000000008009440       0x14 CMakeFiles/demonstrateur_usb_recorder.elf.dir/USB_HOST/Target/usbh_conf.c.obj
                0x0000000008009440                USBH_Get_USB_Status
 .text.USBH_LL_Start
                0x0000000008009454       0x10 CMakeFiles/demonstrateur_usb_recorder.elf.dir/USB_HOST/Target/usbh_conf.c.obj
                0x0000000008009454                USBH_LL_Start
 .text.USBH_LL_Stop
                0x0000000008009464       0x10 CMakeFiles/demonstrateur_usb_recorder.elf.dir/USB_HOST/Target/usbh_conf.c.obj
                0x0000000008009464                USBH_LL_Stop
 .text.USBH_LL_ResetPort
                0x0000000008009474       0x10 CMakeFiles/demonstrateur_usb_recorder.elf.dir/USB_HOST/Target/usbh_conf.c.obj
                0x0000000008009474                USBH_LL_ResetPort
 .text.USBH_LL_OpenPipe
                0x0000000008009484       0x26 CMakeFiles/demonstrateur_usb_recorder.elf.dir/USB_HOST/Target/usbh_conf.c.obj
                0x0000000008009484                USBH_LL_OpenPipe
 .text.USBH_LL_ClosePipe
                0x00000000080094aa       0x10 CMakeFiles/demonstrateur_usb_recorder.elf.dir/USB_HOST/Target/usbh_conf.c.obj
                0x00000000080094aa                USBH_LL_ClosePipe
 .text.USBH_LL_SubmitURB
                0x00000000080094ba       0x2a CMakeFiles/demonstrateur_usb_recorder.elf.dir/USB_HOST/Target/usbh_conf.c.obj
                0x00000000080094ba                USBH_LL_SubmitURB
 .text.MX_DriverVbusHS
                0x00000000080094e4       0x18 CMakeFiles/demonstrateur_usb_recorder.elf.dir/USB_HOST/Target/usbh_platform.c.obj
                0x00000000080094e4                MX_DriverVbusHS
 .text.mount_usb
                0x00000000080094fc       0x20 CMakeFiles/demonstrateur_usb_recorder.elf.dir/file_handling/file_handling.c.obj
                0x00000000080094fc                mount_usb
 .text.unmount_usb
                0x000000000800951c       0x1c CMakeFiles/demonstrateur_usb_recorder.elf.dir/file_handling/file_handling.c.obj
                0x000000000800951c                unmount_usb
 .text.init_wav
                0x0000000008009538       0x80 CMakeFiles/demonstrateur_usb_recorder.elf.dir/file_handling/file_handling.c.obj
                0x0000000008009538                init_wav
 .text.write_wav
                0x00000000080095b8       0x20 CMakeFiles/demonstrateur_usb_recorder.elf.dir/file_handling/file_handling.c.obj
                0x00000000080095b8                write_wav
 .text.finish_wav
                0x00000000080095d8       0x88 CMakeFiles/demonstrateur_usb_recorder.elf.dir/file_handling/file_handling.c.obj
                0x00000000080095d8                finish_wav
 .text.pdm_fir_flt_init
                0x0000000008009660       0x16 CMakeFiles/demonstrateur_usb_recorder.elf.dir/pdm_fir/pdm_fir.c.obj
                0x0000000008009660                pdm_fir_flt_init
 .text.pdm_fir_flt_put
                0x0000000008009676       0x14 CMakeFiles/demonstrateur_usb_recorder.elf.dir/pdm_fir/pdm_fir.c.obj
                0x0000000008009676                pdm_fir_flt_put
 *fill*         0x000000000800968a        0x2 
 .text.pdm_fir_flt_get
                0x000000000800968c       0x50 CMakeFiles/demonstrateur_usb_recorder.elf.dir/pdm_fir/pdm_fir.c.obj
                0x000000000800968c                pdm_fir_flt_get
 .text.startup  0x00000000080096dc       0x14 /usr/lib/gcc/arm-none-eabi/9.2.1/../../../arm-none-eabi/lib/thumb/v7e-m/nofp/libg.a(lib_a-__call_atexit.o)
 *(.glue_7)
 .glue_7        0x00000000080096f0        0x0 linker stubs
 *(.glue_7t)
 .glue_7t       0x00000000080096f0        0x0 linker stubs
 *(.eh_frame)
 .eh_frame      0x00000000080096f0        0x0 /usr/lib/gcc/arm-none-eabi/9.2.1/thumb/v7e-m/nofp/crtbegin.o
 *(.init)
 .init          0x00000000080096f0        0x4 /usr/lib/gcc/arm-none-eabi/9.2.1/thumb/v7e-m/nofp/crti.o
                0x00000000080096f0                _init
 .init          0x00000000080096f4        0x8 /usr/lib/gcc/arm-none-eabi/9.2.1/thumb/v7e-m/nofp/crtn.o
 *(.fini)
 .fini          0x00000000080096fc        0x4 /usr/lib/gcc/arm-none-eabi/9.2.1/thumb/v7e-m/nofp/crti.o
                0x00000000080096fc                _fini
 .fini          0x0000000008009700        0x8 /usr/lib/gcc/arm-none-eabi/9.2.1/thumb/v7e-m/nofp/crtn.o
                0x0000000008009708                . = ALIGN (0x4)
                0x0000000008009708                _etext = .

.vfp11_veneer   0x0000000008009708        0x0
 .vfp11_veneer  0x0000000008009708        0x0 linker stubs

.v4_bx          0x0000000008009708        0x0
 .v4_bx         0x0000000008009708        0x0 linker stubs

.iplt           0x0000000008009708        0x0
 .iplt          0x0000000008009708        0x0 /usr/lib/gcc/arm-none-eabi/9.2.1/thumb/v7e-m/nofp/crtbegin.o

.rodata         0x0000000008009708     0x84a8
                0x0000000008009708                . = ALIGN (0x4)
 *(.rodata)
 .rodata        0x0000000008009708        0x4 /usr/lib/gcc/arm-none-eabi/9.2.1/../../../arm-none-eabi/lib/thumb/v7e-m/nofp/libg.a(lib_a-impure.o)
                0x0000000008009708                _global_impure_ptr
 *(.rodata*)
 .rodata.main.str1.4
                0x000000000800970c        0xc CMakeFiles/demonstrateur_usb_recorder.elf.dir/Core/Src/main.c.obj
 .rodata.AHBPrescTable
                0x0000000008009718       0x10 CMakeFiles/demonstrateur_usb_recorder.elf.dir/Core/Src/system_stm32f4xx.c.obj
                0x0000000008009718                AHBPrescTable
 .rodata.APBPrescTable
                0x0000000008009728        0x8 CMakeFiles/demonstrateur_usb_recorder.elf.dir/Core/Src/system_stm32f4xx.c.obj
                0x0000000008009728                APBPrescTable
 .rodata.flagBitshiftOffset.7497
                0x0000000008009730        0x8 CMakeFiles/demonstrateur_usb_recorder.elf.dir/Drivers/STM32F4xx_HAL_Driver/Src/stm32f4xx_hal_dma.c.obj
 .rodata.USBH_Driver
                0x0000000008009738       0x14 CMakeFiles/demonstrateur_usb_recorder.elf.dir/FATFS/Target/usbh_diskio.c.obj
                0x0000000008009738                USBH_Driver
 .rodata.str1.4
                0x000000000800974c        0x4 CMakeFiles/demonstrateur_usb_recorder.elf.dir/Middlewares/ST/STM32_USB_Host_Library/Class/MSC/Src/usbh_msc.c.obj
 .rodata.check_fs.str1.4
                0x0000000008009750        0xc CMakeFiles/demonstrateur_usb_recorder.elf.dir/Middlewares/Third_Party/FatFs/src/ff.c.obj
 .rodata.create_name.str1.4
                0x000000000800975c       0x13 CMakeFiles/demonstrateur_usb_recorder.elf.dir/Middlewares/Third_Party/FatFs/src/ff.c.obj
 *fill*         0x000000000800976f        0x1 
 .rodata.ExCvt  0x0000000008009770       0x80 CMakeFiles/demonstrateur_usb_recorder.elf.dir/Middlewares/Third_Party/FatFs/src/ff.c.obj
 .rodata.LfnOfs
                0x00000000080097f0        0xd CMakeFiles/demonstrateur_usb_recorder.elf.dir/Middlewares/Third_Party/FatFs/src/ff.c.obj
 *fill*         0x00000000080097fd        0x3 
 .rodata.Tbl    0x0000000008009800      0x100 CMakeFiles/demonstrateur_usb_recorder.elf.dir/Middlewares/Third_Party/FatFs/src/option/ccsbcs.c.obj
 .rodata.cvt1.9850
                0x0000000008009900      0x1f2 CMakeFiles/demonstrateur_usb_recorder.elf.dir/Middlewares/Third_Party/FatFs/src/option/ccsbcs.c.obj
 *fill*         0x0000000008009af2        0x2 
 .rodata.cvt2.9851
                0x0000000008009af4       0xbc CMakeFiles/demonstrateur_usb_recorder.elf.dir/Middlewares/Third_Party/FatFs/src/option/ccsbcs.c.obj
 .rodata.byte_coeff
                0x0000000008009bb0     0x8000 CMakeFiles/demonstrateur_usb_recorder.elf.dir/pdm_fir/pdm_fir.c.obj
                0x0000000008011bb0                . = ALIGN (0x4)

.ARM.extab      0x0000000008011bb0        0x0
                0x0000000008011bb0                . = ALIGN (0x4)
 *(.ARM.extab* .gnu.linkonce.armextab.*)
                0x0000000008011bb0                . = ALIGN (0x4)

.ARM            0x0000000008011bb0        0x8
                0x0000000008011bb0                . = ALIGN (0x4)
                0x0000000008011bb0                __exidx_start = .
 *(.ARM.exidx*)
 .ARM.exidx     0x0000000008011bb0        0x8 /usr/lib/gcc/arm-none-eabi/9.2.1/thumb/v7e-m/nofp/libgcc.a(_udivmoddi4.o)
                0x0000000008011bb8                __exidx_end = .
                0x0000000008011bb8                . = ALIGN (0x4)

.rel.dyn        0x0000000008011bb8        0x0
 .rel.iplt      0x0000000008011bb8        0x0 /usr/lib/gcc/arm-none-eabi/9.2.1/thumb/v7e-m/nofp/crtbegin.o

.preinit_array  0x0000000008011bb8        0x0
                0x0000000008011bb8                . = ALIGN (0x4)
                0x0000000008011bb8                PROVIDE (__preinit_array_start = .)
 *(.preinit_array*)
                0x0000000008011bb8                PROVIDE (__preinit_array_end = .)
                0x0000000008011bb8                . = ALIGN (0x4)

.init_array     0x0000000008011bb8        0x8
                0x0000000008011bb8                . = ALIGN (0x4)
                0x0000000008011bb8                PROVIDE (__init_array_start = .)
 *(SORT_BY_NAME(.init_array.*))
 .init_array.00000
                0x0000000008011bb8        0x4 /usr/lib/gcc/arm-none-eabi/9.2.1/../../../arm-none-eabi/lib/thumb/v7e-m/nofp/libg.a(lib_a-__call_atexit.o)
 *(.init_array*)
 .init_array    0x0000000008011bbc        0x4 /usr/lib/gcc/arm-none-eabi/9.2.1/thumb/v7e-m/nofp/crtbegin.o
                0x0000000008011bc0                PROVIDE (__init_array_end = .)
                0x0000000008011bc0                . = ALIGN (0x4)

.fini_array     0x0000000008011bc0        0x4
                0x0000000008011bc0                . = ALIGN (0x4)
                0x0000000008011bc0                PROVIDE (__fini_array_start = .)
 *(SORT_BY_NAME(.fini_array.*))
 *(.fini_array*)
 .fini_array    0x0000000008011bc0        0x4 /usr/lib/gcc/arm-none-eabi/9.2.1/thumb/v7e-m/nofp/crtbegin.o
                0x0000000008011bc4                PROVIDE (__fini_array_end = .)
                0x0000000008011bc4                . = ALIGN (0x4)
                0x0000000008011bc4                _sidata = LOADADDR (.data)

.data           0x0000000020000000      0x870 load address 0x0000000008011bc4
                0x0000000020000000                . = ALIGN (0x4)
                0x0000000020000000                _sdata = .
 *(.data)
 .data          0x0000000020000000      0x430 /usr/lib/gcc/arm-none-eabi/9.2.1/../../../arm-none-eabi/lib/thumb/v7e-m/nofp/libg.a(lib_a-impure.o)
                0x0000000020000000                _impure_ptr
 .data          0x0000000020000430      0x410 /usr/lib/gcc/arm-none-eabi/9.2.1/../../../arm-none-eabi/lib/thumb/v7e-m/nofp/libg.a(lib_a-mallocr.o)
                0x0000000020000430                __malloc_av_
                0x0000000020000838                __malloc_sbrk_base
                0x000000002000083c                __malloc_trim_threshold
 *(.data*)
 .data.sai_flag
                0x0000000020000840        0x1 CMakeFiles/demonstrateur_usb_recorder.elf.dir/Core/Src/main.c.obj
                0x0000000020000840                sai_flag
 *fill*         0x0000000020000841        0x3 
 .data.SystemCoreClock
                0x0000000020000844        0x4 CMakeFiles/demonstrateur_usb_recorder.elf.dir/Core/Src/system_stm32f4xx.c.obj
                0x0000000020000844                SystemCoreClock
 .data.uwTickFreq
                0x0000000020000848        0x1 CMakeFiles/demonstrateur_usb_recorder.elf.dir/Drivers/STM32F4xx_HAL_Driver/Src/stm32f4xx_hal.c.obj
                0x0000000020000848                uwTickFreq
 *fill*         0x0000000020000849        0x3 
 .data.uwTickPrio
                0x000000002000084c        0x4 CMakeFiles/demonstrateur_usb_recorder.elf.dir/Drivers/STM32F4xx_HAL_Driver/Src/stm32f4xx_hal.c.obj
                0x000000002000084c                uwTickPrio
 .data.USBH_msc
                0x0000000020000850       0x20 CMakeFiles/demonstrateur_usb_recorder.elf.dir/Middlewares/ST/STM32_USB_Host_Library/Class/MSC/Src/usbh_msc.c.obj
                0x0000000020000850                USBH_msc
 *(.RamFunc)
 *(.RamFunc*)
                0x0000000020000870                . = ALIGN (0x4)
                0x0000000020000870                _edata = .
                0x0000000008012434                _siccmram = LOADADDR (.ccmram)

.tm_clone_table
                0x0000000020000870        0x0 load address 0x0000000008012434
 .tm_clone_table
                0x0000000020000870        0x0 /usr/lib/gcc/arm-none-eabi/9.2.1/thumb/v7e-m/nofp/crtbegin.o
 .tm_clone_table
                0x0000000020000870        0x0 /usr/lib/gcc/arm-none-eabi/9.2.1/thumb/v7e-m/nofp/crtend.o

.igot.plt       0x0000000020000870        0x0 load address 0x0000000008012434
 .igot.plt      0x0000000020000870        0x0 /usr/lib/gcc/arm-none-eabi/9.2.1/thumb/v7e-m/nofp/crtbegin.o

.ccmram         0x0000000010000000        0x0 load address 0x0000000008012434
                0x0000000010000000                . = ALIGN (0x4)
                0x0000000010000000                _sccmram = .
 *(.ccmram)
 *(.ccmram*)
                0x0000000010000000                . = ALIGN (0x4)
                0x0000000010000000                _eccmram = .
                0x0000000010000000                . = ALIGN (0x4)

.bss            0x0000000020000870     0x307c
                0x0000000020000870                _sbss = .
                0x0000000020000870                __bss_start__ = _sbss
 *(.bss)
 .bss           0x0000000020000870       0x1c /usr/lib/gcc/arm-none-eabi/9.2.1/thumb/v7e-m/nofp/crtbegin.o
 .bss           0x000000002000088c       0x34 /usr/lib/gcc/arm-none-eabi/9.2.1/../../../arm-none-eabi/lib/thumb/v7e-m/nofp/libg.a(lib_a-mallocr.o)
                0x000000002000088c                __malloc_top_pad
                0x0000000020000890                __malloc_current_mallinfo
                0x00000000200008b8                __malloc_max_sbrked_mem
                0x00000000200008bc                __malloc_max_total_mem
 *(.bss*)
 .bss.PCM_buffer
                0x00000000200008c0       0x40 CMakeFiles/demonstrateur_usb_recorder.elf.dir/Core/Src/main.c.obj
                0x00000000200008c0                PCM_buffer
 .bss.PDM_buffer
                0x0000000020000900      0x200 CMakeFiles/demonstrateur_usb_recorder.elf.dir/Core/Src/main.c.obj
                0x0000000020000900                PDM_buffer
 .bss.hdma_sai1_a
                0x0000000020000b00       0x60 CMakeFiles/demonstrateur_usb_recorder.elf.dir/Core/Src/main.c.obj
                0x0000000020000b00                hdma_sai1_a
 .bss.hsai_BlockA1
                0x0000000020000b60       0x88 CMakeFiles/demonstrateur_usb_recorder.elf.dir/Core/Src/main.c.obj
                0x0000000020000b60                hsai_BlockA1
 .bss.htim1     0x0000000020000be8       0x48 CMakeFiles/demonstrateur_usb_recorder.elf.dir/Core/Src/main.c.obj
                0x0000000020000be8                htim1
 .bss.huart1    0x0000000020000c30       0x44 CMakeFiles/demonstrateur_usb_recorder.elf.dir/Core/Src/main.c.obj
                0x0000000020000c30                huart1
 .bss.sai_half  0x0000000020000c74        0x1 CMakeFiles/demonstrateur_usb_recorder.elf.dir/Core/Src/main.c.obj
                0x0000000020000c74                sai_half
 *fill*         0x0000000020000c75        0x3 
 .bss.SAI1_client
                0x0000000020000c78        0x4 CMakeFiles/demonstrateur_usb_recorder.elf.dir/Core/Src/stm32f4xx_hal_msp.c.obj
 .bss.htim6     0x0000000020000c7c       0x48 CMakeFiles/demonstrateur_usb_recorder.elf.dir/Core/Src/stm32f4xx_hal_timebase_tim.c.obj
                0x0000000020000c7c                htim6
 .bss.__sbrk_heap_end
                0x0000000020000cc4        0x4 CMakeFiles/demonstrateur_usb_recorder.elf.dir/Core/Src/sysmem.c.obj
 .bss.uwTick    0x0000000020000cc8        0x4 CMakeFiles/demonstrateur_usb_recorder.elf.dir/Drivers/STM32F4xx_HAL_Driver/Src/stm32f4xx_hal.c.obj
                0x0000000020000cc8                uwTick
 .bss.USBHFatFS
                0x0000000020000ccc     0x103c CMakeFiles/demonstrateur_usb_recorder.elf.dir/FATFS/App/fatfs.c.obj
                0x0000000020000ccc                USBHFatFS
 .bss.USBHFile  0x0000000020001d08     0x1058 CMakeFiles/demonstrateur_usb_recorder.elf.dir/FATFS/App/fatfs.c.obj
                0x0000000020001d08                USBHFile
 .bss.USBHPath  0x0000000020002d60        0x4 CMakeFiles/demonstrateur_usb_recorder.elf.dir/FATFS/App/fatfs.c.obj
                0x0000000020002d60                USBHPath
 .bss.retUSBH   0x0000000020002d64        0x1 CMakeFiles/demonstrateur_usb_recorder.elf.dir/FATFS/App/fatfs.c.obj
                0x0000000020002d64                retUSBH
 *fill*         0x0000000020002d65        0x3 
 .bss.DirBuf    0x0000000020002d68      0x260 CMakeFiles/demonstrateur_usb_recorder.elf.dir/Middlewares/Third_Party/FatFs/src/ff.c.obj
 .bss.FatFs     0x0000000020002fc8        0x4 CMakeFiles/demonstrateur_usb_recorder.elf.dir/Middlewares/Third_Party/FatFs/src/ff.c.obj
 .bss.Files     0x0000000020002fcc       0x20 CMakeFiles/demonstrateur_usb_recorder.elf.dir/Middlewares/Third_Party/FatFs/src/ff.c.obj
 .bss.Fsid      0x0000000020002fec        0x2 CMakeFiles/demonstrateur_usb_recorder.elf.dir/Middlewares/Third_Party/FatFs/src/ff.c.obj
 *fill*         0x0000000020002fee        0x2 
 .bss.LfnBuf    0x0000000020002ff0      0x200 CMakeFiles/demonstrateur_usb_recorder.elf.dir/Middlewares/Third_Party/FatFs/src/ff.c.obj
 .bss.disk      0x00000000200031f0        0xc CMakeFiles/demonstrateur_usb_recorder.elf.dir/Middlewares/Third_Party/FatFs/src/ff_gen_drv.c.obj
                0x00000000200031f0                disk
 .bss.Appli_state
                0x00000000200031fc        0x1 CMakeFiles/demonstrateur_usb_recorder.elf.dir/USB_HOST/App/usb_host.c.obj
                0x00000000200031fc                Appli_state
 *fill*         0x00000000200031fd        0x3 
 .bss.hUsbHostHS
                0x0000000020003200      0x3d8 CMakeFiles/demonstrateur_usb_recorder.elf.dir/USB_HOST/App/usb_host.c.obj
                0x0000000020003200                hUsbHostHS
 .bss.hhcd_USB_OTG_HS
                0x00000000200035d8      0x304 CMakeFiles/demonstrateur_usb_recorder.elf.dir/USB_HOST/Target/usbh_conf.c.obj
                0x00000000200035d8                hhcd_USB_OTG_HS
 .bss.br        0x00000000200038dc        0x4 CMakeFiles/demonstrateur_usb_recorder.elf.dir/file_handling/file_handling.c.obj
                0x00000000200038dc                br
 .bss.bw        0x00000000200038e0        0x4 CMakeFiles/demonstrateur_usb_recorder.elf.dir/file_handling/file_handling.c.obj
                0x00000000200038e0                bw
 .bss.fresult   0x00000000200038e4        0x1 CMakeFiles/demonstrateur_usb_recorder.elf.dir/file_handling/file_handling.c.obj
                0x00000000200038e4                fresult
 *(COMMON)
 *fill*         0x00000000200038e5        0x3 
 COMMON         0x00000000200038e8        0x4 /usr/lib/gcc/arm-none-eabi/9.2.1/../../../arm-none-eabi/lib/thumb/v7e-m/nofp/libg.a(lib_a-reent.o)
                0x00000000200038e8                errno
                0x00000000200038ec                . = ALIGN (0x4)
                0x00000000200038ec                _ebss = .
                0x00000000200038ec                __bss_end__ = _ebss

._user_heap_stack
                0x00000000200038ec      0x604
                0x00000000200038f0                . = ALIGN (0x8)